interactions:
- request:
    body: null
    headers:
      Accept:
      - application/json
      Accept-Encoding:
      - gzip, deflate
      CommandName:
      - network nsg create
      Connection:
      - keep-alive
      ParameterSetName:
      - -g -n
      User-Agent:
      - AZURECLI/2.52.0 azsdk-python-azure-mgmt-resource/23.1.0b2 Python/3.10.6 (macOS-13.5.2-x86_64-i386-64bit)
    method: GET
    uri: https://management.azure.com/subscriptions/00000000-0000-0000-0000-000000000000/resourcegroups/test_nw_flow_log_000001?api-version=2022-09-01
  response:
    body:
      string: '{"id":"/subscriptions/00000000-0000-0000-0000-000000000000/resourceGroups/test_nw_flow_log_000001","name":"test_nw_flow_log_000001","type":"Microsoft.Resources/resourceGroups","location":"eastus","tags":{"product":"azurecli","cause":"automation","test":"test_nw_flow_log_update","date":"2023-09-17T13:01:48Z","module":"network"},"properties":{"provisioningState":"Succeeded"}}'
    headers:
      cache-control:
      - no-cache
      content-length:
      - '376'
      content-type:
      - application/json; charset=utf-8
      date:
      - Sun, 17 Sep 2023 13:02:21 GMT
      expires:
      - '-1'
      pragma:
      - no-cache
      strict-transport-security:
      - max-age=31536000; includeSubDomains
      vary:
      - Accept-Encoding
      x-content-type-options:
      - nosniff
    status:
      code: 200
      message: OK
- request:
    body: '{"location": "eastus"}'
    headers:
      Accept:
      - application/json
      Accept-Encoding:
      - gzip, deflate
      CommandName:
      - network nsg create
      Connection:
      - keep-alive
      Content-Length:
      - '22'
      Content-Type:
      - application/json
      ParameterSetName:
      - -g -n
      User-Agent:
      - AZURECLI/2.52.0 (AAZ) azsdk-python-core/1.26.0 Python/3.10.6 (macOS-13.5.2-x86_64-i386-64bit)
    method: PUT
    uri: https://management.azure.com/subscriptions/00000000-0000-0000-0000-000000000000/resourceGroups/test_nw_flow_log_000001/providers/Microsoft.Network/networkSecurityGroups/nsg1?api-version=2022-01-01
  response:
    body:
      string: "{\r\n  \"name\": \"nsg1\",\r\n  \"id\": \"/subscriptions/00000000-0000-0000-0000-000000000000/resourceGroups/test_nw_flow_log_000001/providers/Microsoft.Network/networkSecurityGroups/nsg1\"\
        ,\r\n  \"etag\": \"W/\\\"5decbf31-4262-4a8a-b4aa-4b756389906d\\\"\",\r\n \
        \ \"type\": \"Microsoft.Network/networkSecurityGroups\",\r\n  \"location\"\
        : \"eastus\",\r\n  \"properties\": {\r\n    \"provisioningState\": \"Updating\"\
        ,\r\n    \"resourceGuid\": \"641be98f-6d93-465f-8168-b53b535fb0d1\",\r\n \
        \   \"securityRules\": [],\r\n    \"defaultSecurityRules\": [\r\n      {\r\
        \n        \"name\": \"AllowVnetInBound\",\r\n        \"id\": \"/subscriptions/00000000-0000-0000-0000-000000000000/resourceGroups/test_nw_flow_log_000001/providers/Microsoft.Network/networkSecurityGroups/nsg1/defaultSecurityRules/AllowVnetInBound\"\
        ,\r\n        \"etag\": \"W/\\\"5decbf31-4262-4a8a-b4aa-4b756389906d\\\"\"\
        ,\r\n        \"type\": \"Microsoft.Network/networkSecurityGroups/defaultSecurityRules\"\
        ,\r\n        \"properties\": {\r\n          \"provisioningState\": \"Updating\"\
        ,\r\n          \"description\": \"Allow inbound traffic from all VMs in VNET\"\
        ,\r\n          \"protocol\": \"*\",\r\n          \"sourcePortRange\": \"*\"\
        ,\r\n          \"destinationPortRange\": \"*\",\r\n          \"sourceAddressPrefix\"\
        : \"VirtualNetwork\",\r\n          \"destinationAddressPrefix\": \"VirtualNetwork\"\
        ,\r\n          \"access\": \"Allow\",\r\n          \"priority\": 65000,\r\n\
        \          \"direction\": \"Inbound\",\r\n          \"sourcePortRanges\":\
        \ [],\r\n          \"destinationPortRanges\": [],\r\n          \"sourceAddressPrefixes\"\
        : [],\r\n          \"destinationAddressPrefixes\": []\r\n        }\r\n   \
        \   },\r\n      {\r\n        \"name\": \"AllowAzureLoadBalancerInBound\",\r\
        \n        \"id\": \"/subscriptions/00000000-0000-0000-0000-000000000000/resourceGroups/test_nw_flow_log_000001/providers/Microsoft.Network/networkSecurityGroups/nsg1/defaultSecurityRules/AllowAzureLoadBalancerInBound\"\
        ,\r\n        \"etag\": \"W/\\\"5decbf31-4262-4a8a-b4aa-4b756389906d\\\"\"\
        ,\r\n        \"type\": \"Microsoft.Network/networkSecurityGroups/defaultSecurityRules\"\
        ,\r\n        \"properties\": {\r\n          \"provisioningState\": \"Updating\"\
        ,\r\n          \"description\": \"Allow inbound traffic from azure load balancer\"\
        ,\r\n          \"protocol\": \"*\",\r\n          \"sourcePortRange\": \"*\"\
        ,\r\n          \"destinationPortRange\": \"*\",\r\n          \"sourceAddressPrefix\"\
        : \"AzureLoadBalancer\",\r\n          \"destinationAddressPrefix\": \"*\"\
        ,\r\n          \"access\": \"Allow\",\r\n          \"priority\": 65001,\r\n\
        \          \"direction\": \"Inbound\",\r\n          \"sourcePortRanges\":\
        \ [],\r\n          \"destinationPortRanges\": [],\r\n          \"sourceAddressPrefixes\"\
        : [],\r\n          \"destinationAddressPrefixes\": []\r\n        }\r\n   \
        \   },\r\n      {\r\n        \"name\": \"DenyAllInBound\",\r\n        \"id\"\
        : \"/subscriptions/00000000-0000-0000-0000-000000000000/resourceGroups/test_nw_flow_log_000001/providers/Microsoft.Network/networkSecurityGroups/nsg1/defaultSecurityRules/DenyAllInBound\"\
        ,\r\n        \"etag\": \"W/\\\"5decbf31-4262-4a8a-b4aa-4b756389906d\\\"\"\
        ,\r\n        \"type\": \"Microsoft.Network/networkSecurityGroups/defaultSecurityRules\"\
        ,\r\n        \"properties\": {\r\n          \"provisioningState\": \"Updating\"\
        ,\r\n          \"description\": \"Deny all inbound traffic\",\r\n        \
        \  \"protocol\": \"*\",\r\n          \"sourcePortRange\": \"*\",\r\n     \
        \     \"destinationPortRange\": \"*\",\r\n          \"sourceAddressPrefix\"\
        : \"*\",\r\n          \"destinationAddressPrefix\": \"*\",\r\n          \"\
        access\": \"Deny\",\r\n          \"priority\": 65500,\r\n          \"direction\"\
        : \"Inbound\",\r\n          \"sourcePortRanges\": [],\r\n          \"destinationPortRanges\"\
        : [],\r\n          \"sourceAddressPrefixes\": [],\r\n          \"destinationAddressPrefixes\"\
        : []\r\n        }\r\n      },\r\n      {\r\n        \"name\": \"AllowVnetOutBound\"\
        ,\r\n        \"id\": \"/subscriptions/00000000-0000-0000-0000-000000000000/resourceGroups/test_nw_flow_log_000001/providers/Microsoft.Network/networkSecurityGroups/nsg1/defaultSecurityRules/AllowVnetOutBound\"\
        ,\r\n        \"etag\": \"W/\\\"5decbf31-4262-4a8a-b4aa-4b756389906d\\\"\"\
        ,\r\n        \"type\": \"Microsoft.Network/networkSecurityGroups/defaultSecurityRules\"\
        ,\r\n        \"properties\": {\r\n          \"provisioningState\": \"Updating\"\
        ,\r\n          \"description\": \"Allow outbound traffic from all VMs to all\
        \ VMs in VNET\",\r\n          \"protocol\": \"*\",\r\n          \"sourcePortRange\"\
        : \"*\",\r\n          \"destinationPortRange\": \"*\",\r\n          \"sourceAddressPrefix\"\
        : \"VirtualNetwork\",\r\n          \"destinationAddressPrefix\": \"VirtualNetwork\"\
        ,\r\n          \"access\": \"Allow\",\r\n          \"priority\": 65000,\r\n\
        \          \"direction\": \"Outbound\",\r\n          \"sourcePortRanges\"\
        : [],\r\n          \"destinationPortRanges\": [],\r\n          \"sourceAddressPrefixes\"\
        : [],\r\n          \"destinationAddressPrefixes\": []\r\n        }\r\n   \
        \   },\r\n      {\r\n        \"name\": \"AllowInternetOutBound\",\r\n    \
        \    \"id\": \"/subscriptions/00000000-0000-0000-0000-000000000000/resourceGroups/test_nw_flow_log_000001/providers/Microsoft.Network/networkSecurityGroups/nsg1/defaultSecurityRules/AllowInternetOutBound\"\
        ,\r\n        \"etag\": \"W/\\\"5decbf31-4262-4a8a-b4aa-4b756389906d\\\"\"\
        ,\r\n        \"type\": \"Microsoft.Network/networkSecurityGroups/defaultSecurityRules\"\
        ,\r\n        \"properties\": {\r\n          \"provisioningState\": \"Updating\"\
        ,\r\n          \"description\": \"Allow outbound traffic from all VMs to Internet\"\
        ,\r\n          \"protocol\": \"*\",\r\n          \"sourcePortRange\": \"*\"\
        ,\r\n          \"destinationPortRange\": \"*\",\r\n          \"sourceAddressPrefix\"\
        : \"*\",\r\n          \"destinationAddressPrefix\": \"Internet\",\r\n    \
        \      \"access\": \"Allow\",\r\n          \"priority\": 65001,\r\n      \
        \    \"direction\": \"Outbound\",\r\n          \"sourcePortRanges\": [],\r\
        \n          \"destinationPortRanges\": [],\r\n          \"sourceAddressPrefixes\"\
        : [],\r\n          \"destinationAddressPrefixes\": []\r\n        }\r\n   \
        \   },\r\n      {\r\n        \"name\": \"DenyAllOutBound\",\r\n        \"\
        id\": \"/subscriptions/00000000-0000-0000-0000-000000000000/resourceGroups/test_nw_flow_log_000001/providers/Microsoft.Network/networkSecurityGroups/nsg1/defaultSecurityRules/DenyAllOutBound\"\
        ,\r\n        \"etag\": \"W/\\\"5decbf31-4262-4a8a-b4aa-4b756389906d\\\"\"\
        ,\r\n        \"type\": \"Microsoft.Network/networkSecurityGroups/defaultSecurityRules\"\
        ,\r\n        \"properties\": {\r\n          \"provisioningState\": \"Updating\"\
        ,\r\n          \"description\": \"Deny all outbound traffic\",\r\n       \
        \   \"protocol\": \"*\",\r\n          \"sourcePortRange\": \"*\",\r\n    \
        \      \"destinationPortRange\": \"*\",\r\n          \"sourceAddressPrefix\"\
        : \"*\",\r\n          \"destinationAddressPrefix\": \"*\",\r\n          \"\
        access\": \"Deny\",\r\n          \"priority\": 65500,\r\n          \"direction\"\
        : \"Outbound\",\r\n          \"sourcePortRanges\": [],\r\n          \"destinationPortRanges\"\
        : [],\r\n          \"sourceAddressPrefixes\": [],\r\n          \"destinationAddressPrefixes\"\
        : []\r\n        }\r\n      }\r\n    ]\r\n  }\r\n}"
    headers:
      azure-asyncnotification:
      - Enabled
      azure-asyncoperation:
      - https://management.azure.com/subscriptions/00000000-0000-0000-0000-000000000000/providers/Microsoft.Network/locations/eastus/operations/052c2f7b-a9fa-49ab-afe1-e38c2bc56ebc?api-version=2022-01-01
      cache-control:
      - no-cache
      content-length:
      - '6561'
      content-type:
      - application/json; charset=utf-8
      date:
      - Sun, 17 Sep 2023 13:02:27 GMT
      expires:
      - '-1'
      pragma:
      - no-cache
      server:
      - Microsoft-HTTPAPI/2.0
      - Microsoft-HTTPAPI/2.0
      strict-transport-security:
      - max-age=31536000; includeSubDomains
      x-content-type-options:
      - nosniff
      x-ms-arm-service-request-id:
      - f228c0b1-d19d-44a2-ba5f-44e8c91da7e3
      x-ms-ratelimit-remaining-subscription-writes:
      - '1199'
    status:
      code: 201
      message: Created
- request:
    body: null
    headers:
      Accept:
      - '*/*'
      Accept-Encoding:
      - gzip, deflate
      CommandName:
      - network nsg create
      Connection:
      - keep-alive
      ParameterSetName:
      - -g -n
      User-Agent:
      - AZURECLI/2.52.0 (AAZ) azsdk-python-core/1.26.0 Python/3.10.6 (macOS-13.5.2-x86_64-i386-64bit)
    method: GET
    uri: https://management.azure.com/subscriptions/00000000-0000-0000-0000-000000000000/providers/Microsoft.Network/locations/eastus/operations/052c2f7b-a9fa-49ab-afe1-e38c2bc56ebc?api-version=2022-01-01
  response:
    body:
      string: "{\r\n  \"status\": \"Succeeded\"\r\n}"
    headers:
      cache-control:
      - no-cache
      content-length:
      - '29'
      content-type:
      - application/json; charset=utf-8
      date:
      - Sun, 17 Sep 2023 13:02:27 GMT
      expires:
      - '-1'
      pragma:
      - no-cache
      server:
      - Microsoft-HTTPAPI/2.0
      - Microsoft-HTTPAPI/2.0
      strict-transport-security:
      - max-age=31536000; includeSubDomains
      transfer-encoding:
      - chunked
      vary:
      - Accept-Encoding
      x-content-type-options:
      - nosniff
      x-ms-arm-service-request-id:
      - 9aececbe-5e6c-4dc4-91ec-050dad5b49d7
    status:
      code: 200
      message: OK
- request:
    body: null
    headers:
      Accept:
      - '*/*'
      Accept-Encoding:
      - gzip, deflate
      CommandName:
      - network nsg create
      Connection:
      - keep-alive
      ParameterSetName:
      - -g -n
      User-Agent:
      - AZURECLI/2.52.0 (AAZ) azsdk-python-core/1.26.0 Python/3.10.6 (macOS-13.5.2-x86_64-i386-64bit)
    method: GET
    uri: https://management.azure.com/subscriptions/00000000-0000-0000-0000-000000000000/resourceGroups/test_nw_flow_log_000001/providers/Microsoft.Network/networkSecurityGroups/nsg1?api-version=2022-01-01
  response:
    body:
      string: "{\r\n  \"name\": \"nsg1\",\r\n  \"id\": \"/subscriptions/00000000-0000-0000-0000-000000000000/resourceGroups/test_nw_flow_log_000001/providers/Microsoft.Network/networkSecurityGroups/nsg1\"\
        ,\r\n  \"etag\": \"W/\\\"5d05d57d-fc3f-44b8-9ffe-1f48143fdec5\\\"\",\r\n \
        \ \"type\": \"Microsoft.Network/networkSecurityGroups\",\r\n  \"location\"\
        : \"eastus\",\r\n  \"properties\": {\r\n    \"provisioningState\": \"Succeeded\"\
        ,\r\n    \"resourceGuid\": \"641be98f-6d93-465f-8168-b53b535fb0d1\",\r\n \
        \   \"securityRules\": [],\r\n    \"defaultSecurityRules\": [\r\n      {\r\
        \n        \"name\": \"AllowVnetInBound\",\r\n        \"id\": \"/subscriptions/00000000-0000-0000-0000-000000000000/resourceGroups/test_nw_flow_log_000001/providers/Microsoft.Network/networkSecurityGroups/nsg1/defaultSecurityRules/AllowVnetInBound\"\
        ,\r\n        \"etag\": \"W/\\\"5d05d57d-fc3f-44b8-9ffe-1f48143fdec5\\\"\"\
        ,\r\n        \"type\": \"Microsoft.Network/networkSecurityGroups/defaultSecurityRules\"\
        ,\r\n        \"properties\": {\r\n          \"provisioningState\": \"Succeeded\"\
        ,\r\n          \"description\": \"Allow inbound traffic from all VMs in VNET\"\
        ,\r\n          \"protocol\": \"*\",\r\n          \"sourcePortRange\": \"*\"\
        ,\r\n          \"destinationPortRange\": \"*\",\r\n          \"sourceAddressPrefix\"\
        : \"VirtualNetwork\",\r\n          \"destinationAddressPrefix\": \"VirtualNetwork\"\
        ,\r\n          \"access\": \"Allow\",\r\n          \"priority\": 65000,\r\n\
        \          \"direction\": \"Inbound\",\r\n          \"sourcePortRanges\":\
        \ [],\r\n          \"destinationPortRanges\": [],\r\n          \"sourceAddressPrefixes\"\
        : [],\r\n          \"destinationAddressPrefixes\": []\r\n        }\r\n   \
        \   },\r\n      {\r\n        \"name\": \"AllowAzureLoadBalancerInBound\",\r\
        \n        \"id\": \"/subscriptions/00000000-0000-0000-0000-000000000000/resourceGroups/test_nw_flow_log_000001/providers/Microsoft.Network/networkSecurityGroups/nsg1/defaultSecurityRules/AllowAzureLoadBalancerInBound\"\
        ,\r\n        \"etag\": \"W/\\\"5d05d57d-fc3f-44b8-9ffe-1f48143fdec5\\\"\"\
        ,\r\n        \"type\": \"Microsoft.Network/networkSecurityGroups/defaultSecurityRules\"\
        ,\r\n        \"properties\": {\r\n          \"provisioningState\": \"Succeeded\"\
        ,\r\n          \"description\": \"Allow inbound traffic from azure load balancer\"\
        ,\r\n          \"protocol\": \"*\",\r\n          \"sourcePortRange\": \"*\"\
        ,\r\n          \"destinationPortRange\": \"*\",\r\n          \"sourceAddressPrefix\"\
        : \"AzureLoadBalancer\",\r\n          \"destinationAddressPrefix\": \"*\"\
        ,\r\n          \"access\": \"Allow\",\r\n          \"priority\": 65001,\r\n\
        \          \"direction\": \"Inbound\",\r\n          \"sourcePortRanges\":\
        \ [],\r\n          \"destinationPortRanges\": [],\r\n          \"sourceAddressPrefixes\"\
        : [],\r\n          \"destinationAddressPrefixes\": []\r\n        }\r\n   \
        \   },\r\n      {\r\n        \"name\": \"DenyAllInBound\",\r\n        \"id\"\
        : \"/subscriptions/00000000-0000-0000-0000-000000000000/resourceGroups/test_nw_flow_log_000001/providers/Microsoft.Network/networkSecurityGroups/nsg1/defaultSecurityRules/DenyAllInBound\"\
        ,\r\n        \"etag\": \"W/\\\"5d05d57d-fc3f-44b8-9ffe-1f48143fdec5\\\"\"\
        ,\r\n        \"type\": \"Microsoft.Network/networkSecurityGroups/defaultSecurityRules\"\
        ,\r\n        \"properties\": {\r\n          \"provisioningState\": \"Succeeded\"\
        ,\r\n          \"description\": \"Deny all inbound traffic\",\r\n        \
        \  \"protocol\": \"*\",\r\n          \"sourcePortRange\": \"*\",\r\n     \
        \     \"destinationPortRange\": \"*\",\r\n          \"sourceAddressPrefix\"\
        : \"*\",\r\n          \"destinationAddressPrefix\": \"*\",\r\n          \"\
        access\": \"Deny\",\r\n          \"priority\": 65500,\r\n          \"direction\"\
        : \"Inbound\",\r\n          \"sourcePortRanges\": [],\r\n          \"destinationPortRanges\"\
        : [],\r\n          \"sourceAddressPrefixes\": [],\r\n          \"destinationAddressPrefixes\"\
        : []\r\n        }\r\n      },\r\n      {\r\n        \"name\": \"AllowVnetOutBound\"\
        ,\r\n        \"id\": \"/subscriptions/00000000-0000-0000-0000-000000000000/resourceGroups/test_nw_flow_log_000001/providers/Microsoft.Network/networkSecurityGroups/nsg1/defaultSecurityRules/AllowVnetOutBound\"\
        ,\r\n        \"etag\": \"W/\\\"5d05d57d-fc3f-44b8-9ffe-1f48143fdec5\\\"\"\
        ,\r\n        \"type\": \"Microsoft.Network/networkSecurityGroups/defaultSecurityRules\"\
        ,\r\n        \"properties\": {\r\n          \"provisioningState\": \"Succeeded\"\
        ,\r\n          \"description\": \"Allow outbound traffic from all VMs to all\
        \ VMs in VNET\",\r\n          \"protocol\": \"*\",\r\n          \"sourcePortRange\"\
        : \"*\",\r\n          \"destinationPortRange\": \"*\",\r\n          \"sourceAddressPrefix\"\
        : \"VirtualNetwork\",\r\n          \"destinationAddressPrefix\": \"VirtualNetwork\"\
        ,\r\n          \"access\": \"Allow\",\r\n          \"priority\": 65000,\r\n\
        \          \"direction\": \"Outbound\",\r\n          \"sourcePortRanges\"\
        : [],\r\n          \"destinationPortRanges\": [],\r\n          \"sourceAddressPrefixes\"\
        : [],\r\n          \"destinationAddressPrefixes\": []\r\n        }\r\n   \
        \   },\r\n      {\r\n        \"name\": \"AllowInternetOutBound\",\r\n    \
        \    \"id\": \"/subscriptions/00000000-0000-0000-0000-000000000000/resourceGroups/test_nw_flow_log_000001/providers/Microsoft.Network/networkSecurityGroups/nsg1/defaultSecurityRules/AllowInternetOutBound\"\
        ,\r\n        \"etag\": \"W/\\\"5d05d57d-fc3f-44b8-9ffe-1f48143fdec5\\\"\"\
        ,\r\n        \"type\": \"Microsoft.Network/networkSecurityGroups/defaultSecurityRules\"\
        ,\r\n        \"properties\": {\r\n          \"provisioningState\": \"Succeeded\"\
        ,\r\n          \"description\": \"Allow outbound traffic from all VMs to Internet\"\
        ,\r\n          \"protocol\": \"*\",\r\n          \"sourcePortRange\": \"*\"\
        ,\r\n          \"destinationPortRange\": \"*\",\r\n          \"sourceAddressPrefix\"\
        : \"*\",\r\n          \"destinationAddressPrefix\": \"Internet\",\r\n    \
        \      \"access\": \"Allow\",\r\n          \"priority\": 65001,\r\n      \
        \    \"direction\": \"Outbound\",\r\n          \"sourcePortRanges\": [],\r\
        \n          \"destinationPortRanges\": [],\r\n          \"sourceAddressPrefixes\"\
        : [],\r\n          \"destinationAddressPrefixes\": []\r\n        }\r\n   \
        \   },\r\n      {\r\n        \"name\": \"DenyAllOutBound\",\r\n        \"\
        id\": \"/subscriptions/00000000-0000-0000-0000-000000000000/resourceGroups/test_nw_flow_log_000001/providers/Microsoft.Network/networkSecurityGroups/nsg1/defaultSecurityRules/DenyAllOutBound\"\
        ,\r\n        \"etag\": \"W/\\\"5d05d57d-fc3f-44b8-9ffe-1f48143fdec5\\\"\"\
        ,\r\n        \"type\": \"Microsoft.Network/networkSecurityGroups/defaultSecurityRules\"\
        ,\r\n        \"properties\": {\r\n          \"provisioningState\": \"Succeeded\"\
        ,\r\n          \"description\": \"Deny all outbound traffic\",\r\n       \
        \   \"protocol\": \"*\",\r\n          \"sourcePortRange\": \"*\",\r\n    \
        \      \"destinationPortRange\": \"*\",\r\n          \"sourceAddressPrefix\"\
        : \"*\",\r\n          \"destinationAddressPrefix\": \"*\",\r\n          \"\
        access\": \"Deny\",\r\n          \"priority\": 65500,\r\n          \"direction\"\
        : \"Outbound\",\r\n          \"sourcePortRanges\": [],\r\n          \"destinationPortRanges\"\
        : [],\r\n          \"sourceAddressPrefixes\": [],\r\n          \"destinationAddressPrefixes\"\
        : []\r\n        }\r\n      }\r\n    ]\r\n  }\r\n}"
    headers:
      cache-control:
      - no-cache
      content-length:
      - '6568'
      content-type:
      - application/json; charset=utf-8
      date:
      - Sun, 17 Sep 2023 13:02:28 GMT
      etag:
      - W/"5d05d57d-fc3f-44b8-9ffe-1f48143fdec5"
      expires:
      - '-1'
      pragma:
      - no-cache
      server:
      - Microsoft-HTTPAPI/2.0
      - Microsoft-HTTPAPI/2.0
      strict-transport-security:
      - max-age=31536000; includeSubDomains
      transfer-encoding:
      - chunked
      vary:
      - Accept-Encoding
      x-content-type-options:
      - nosniff
      x-ms-arm-service-request-id:
      - 1b958e9d-fffe-4802-8b71-1ddbdae3e8b3
    status:
      code: 200
      message: OK
- request:
    body: null
    headers:
      Accept:
      - application/json
      Accept-Encoding:
      - gzip, deflate
      CommandName:
      - storage account create
      Connection:
      - keep-alive
      ParameterSetName:
      - --resource-group --name --https-only
      User-Agent:
      - AZURECLI/2.52.0 azsdk-python-azure-mgmt-resource/23.1.0b2 Python/3.10.6 (macOS-13.5.2-x86_64-i386-64bit)
    method: GET
    uri: https://management.azure.com/subscriptions/00000000-0000-0000-0000-000000000000/resourcegroups/test_nw_flow_log_000001?api-version=2022-09-01
  response:
    body:
      string: '{"id":"/subscriptions/00000000-0000-0000-0000-000000000000/resourceGroups/test_nw_flow_log_000001","name":"test_nw_flow_log_000001","type":"Microsoft.Resources/resourceGroups","location":"eastus","tags":{"product":"azurecli","cause":"automation","test":"test_nw_flow_log_update","date":"2023-09-17T13:01:48Z","module":"network"},"properties":{"provisioningState":"Succeeded"}}'
    headers:
      cache-control:
      - no-cache
      content-length:
      - '376'
      content-type:
      - application/json; charset=utf-8
      date:
      - Sun, 17 Sep 2023 13:02:28 GMT
      expires:
      - '-1'
      pragma:
      - no-cache
      strict-transport-security:
      - max-age=31536000; includeSubDomains
      vary:
      - Accept-Encoding
      x-content-type-options:
      - nosniff
    status:
      code: 200
      message: OK
- request:
    body: '{"sku": {"name": "Standard_RAGRS"}, "kind": "StorageV2", "location": "eastus",
      "properties": {"encryption": {"services": {"blob": {}}, "keySource": "Microsoft.Storage"},
      "supportsHttpsTrafficOnly": true}}'
    headers:
      Accept:
      - application/json
      Accept-Encoding:
      - gzip, deflate
      CommandName:
      - storage account create
      Connection:
      - keep-alive
      Content-Length:
      - '204'
      Content-Type:
      - application/json
      ParameterSetName:
      - --resource-group --name --https-only
      User-Agent:
      - AZURECLI/2.52.0 azsdk-python-azure-mgmt-storage/21.0.0 Python/3.10.6 (macOS-13.5.2-x86_64-i386-64bit)
    method: PUT
    uri: https://management.azure.com/subscriptions/00000000-0000-0000-0000-000000000000/resourceGroups/test_nw_flow_log_000001/providers/Microsoft.Storage/storageAccounts/storageaccount0395?api-version=2022-09-01
  response:
    body:
      string: ''
    headers:
      cache-control:
      - no-cache
      content-length:
      - '0'
      content-type:
      - text/plain; charset=utf-8
      date:
      - Sun, 17 Sep 2023 13:02:34 GMT
      expires:
      - '-1'
      location:
      - https://management.azure.com/subscriptions/00000000-0000-0000-0000-000000000000/providers/Microsoft.Storage/locations/eastus/asyncoperations/41371a01-02e3-43bd-81c0-1ea54a61b199?monitor=true&api-version=2022-09-01
      pragma:
      - no-cache
      server:
      - Microsoft-Azure-Storage-Resource-Provider/1.0,Microsoft-HTTPAPI/2.0 Microsoft-HTTPAPI/2.0
      strict-transport-security:
      - max-age=31536000; includeSubDomains
      x-content-type-options:
      - nosniff
      x-ms-ratelimit-remaining-subscription-writes:
      - '1199'
    status:
      code: 202
      message: Accepted
- request:
    body: null
    headers:
      Accept:
      - '*/*'
      Accept-Encoding:
      - gzip, deflate
      CommandName:
      - storage account create
      Connection:
      - keep-alive
      ParameterSetName:
      - --resource-group --name --https-only
      User-Agent:
      - AZURECLI/2.52.0 azsdk-python-azure-mgmt-storage/21.0.0 Python/3.10.6 (macOS-13.5.2-x86_64-i386-64bit)
    method: GET
    uri: https://management.azure.com/subscriptions/00000000-0000-0000-0000-000000000000/providers/Microsoft.Storage/locations/eastus/asyncoperations/41371a01-02e3-43bd-81c0-1ea54a61b199?monitor=true&api-version=2022-09-01
  response:
    body:
      string: ''
    headers:
      cache-control:
      - no-cache
      content-length:
      - '0'
      content-type:
      - text/plain; charset=utf-8
      date:
      - Sun, 17 Sep 2023 13:02:34 GMT
      expires:
      - '-1'
      location:
      - https://management.azure.com/subscriptions/00000000-0000-0000-0000-000000000000/providers/Microsoft.Storage/locations/eastus/asyncoperations/41371a01-02e3-43bd-81c0-1ea54a61b199?monitor=true&api-version=2022-09-01
      pragma:
      - no-cache
      server:
      - Microsoft-Azure-Storage-Resource-Provider/1.0,Microsoft-HTTPAPI/2.0 Microsoft-HTTPAPI/2.0
      strict-transport-security:
      - max-age=31536000; includeSubDomains
      x-content-type-options:
      - nosniff
    status:
      code: 202
      message: Accepted
- request:
    body: null
    headers:
      Accept:
      - '*/*'
      Accept-Encoding:
      - gzip, deflate
      CommandName:
      - storage account create
      Connection:
      - keep-alive
      ParameterSetName:
      - --resource-group --name --https-only
      User-Agent:
      - AZURECLI/2.52.0 azsdk-python-azure-mgmt-storage/21.0.0 Python/3.10.6 (macOS-13.5.2-x86_64-i386-64bit)
    method: GET
    uri: https://management.azure.com/subscriptions/00000000-0000-0000-0000-000000000000/providers/Microsoft.Storage/locations/eastus/asyncoperations/41371a01-02e3-43bd-81c0-1ea54a61b199?monitor=true&api-version=2022-09-01
  response:
    body:
      string: '{"sku":{"name":"Standard_RAGRS","tier":"Standard"},"kind":"StorageV2","id":"/subscriptions/00000000-0000-0000-0000-000000000000/resourceGroups/test_nw_flow_log_000001/providers/Microsoft.Storage/storageAccounts/storageaccount0395","name":"storageaccount0395","type":"Microsoft.Storage/storageAccounts","location":"eastus","tags":{},"properties":{"keyCreationTime":{"key1":"2023-09-17T13:02:33.5792587Z","key2":"2023-09-17T13:02:33.5792587Z"},"privateEndpointConnections":[],"minimumTlsVersion":"TLS1_0","allowBlobPublicAccess":true,"networkAcls":{"bypass":"AzureServices","virtualNetworkRules":[],"ipRules":[],"defaultAction":"Allow"},"supportsHttpsTrafficOnly":true,"encryption":{"services":{"file":{"keyType":"Account","enabled":true,"lastEnabledTime":"2023-09-17T13:02:33.5948659Z"},"blob":{"keyType":"Account","enabled":true,"lastEnabledTime":"2023-09-17T13:02:33.5948659Z"}},"keySource":"Microsoft.Storage"},"accessTier":"Hot","provisioningState":"Succeeded","creationTime":"2023-09-17T13:02:33.4074097Z","primaryEndpoints":{"dfs":"https://storageaccount0395.dfs.core.windows.net/","web":"https://storageaccount0395.z13.web.core.windows.net/","blob":"https://storageaccount0395.blob.core.windows.net/","queue":"https://storageaccount0395.queue.core.windows.net/","table":"https://storageaccount0395.table.core.windows.net/","file":"https://storageaccount0395.file.core.windows.net/"},"primaryLocation":"eastus","statusOfPrimary":"available","secondaryLocation":"westus","statusOfSecondary":"available","secondaryEndpoints":{"dfs":"https://storageaccount0395-secondary.dfs.core.windows.net/","web":"https://storageaccount0395-secondary.z13.web.core.windows.net/","blob":"https://storageaccount0395-secondary.blob.core.windows.net/","queue":"https://storageaccount0395-secondary.queue.core.windows.net/","table":"https://storageaccount0395-secondary.table.core.windows.net/"}}}'
    headers:
      cache-control:
      - no-cache
      content-length:
      - '1880'
      content-type:
      - application/json
      date:
      - Sun, 17 Sep 2023 13:02:52 GMT
      expires:
      - '-1'
      pragma:
      - no-cache
      server:
      - Microsoft-Azure-Storage-Resource-Provider/1.0,Microsoft-HTTPAPI/2.0 Microsoft-HTTPAPI/2.0
      strict-transport-security:
      - max-age=31536000; includeSubDomains
      transfer-encoding:
      - chunked
      vary:
      - Accept-Encoding
      x-content-type-options:
      - nosniff
    status:
      code: 200
      message: OK
- request:
    body: '{"location": "eastus", "properties": {"publicNetworkAccessForIngestion":
      "Enabled", "publicNetworkAccessForQuery": "Enabled", "retentionInDays": 30,
      "sku": {"name": "PerGB2018"}}}'
    headers:
      Accept:
      - application/json
      Accept-Encoding:
      - gzip, deflate
      CommandName:
      - monitor log-analytics workspace create
      Connection:
      - keep-alive
      Content-Length:
      - '179'
      Content-Type:
      - application/json
      ParameterSetName:
      - --resource-group --location --workspace-name
      User-Agent:
      - AZURECLI/2.52.0 (AAZ) azsdk-python-core/1.26.0 Python/3.10.6 (macOS-13.5.2-x86_64-i386-64bit)
    method: PUT
    uri: https://management.azure.com/subscriptions/00000000-0000-0000-0000-000000000000/resourcegroups/test_nw_flow_log_000001/providers/Microsoft.OperationalInsights/workspaces/clitest000003?api-version=2022-10-01
  response:
    body:
      string: '{"properties":{"customerId":"faa5806c-9f80-444e-9920-79f2228476c9","provisioningState":"Creating","sku":{"name":"PerGB2018","lastSkuUpdate":"2023-09-17T13:02:58.7366255Z"},"retentionInDays":30,"features":{"legacy":0,"searchVersion":1,"enableLogAccessUsingOnlyResourcePermissions":true},"workspaceCapping":{"dailyQuotaGb":-1.0,"quotaNextResetTime":"2023-09-18T13:00:00Z","dataIngestionStatus":"RespectQuota"},"publicNetworkAccessForIngestion":"Enabled","publicNetworkAccessForQuery":"Enabled","createdDate":"2023-09-17T13:02:58.7366255Z","modifiedDate":"2023-09-17T13:02:58.7366255Z"},"location":"eastus","id":"/subscriptions/00000000-0000-0000-0000-000000000000/resourceGroups/test_nw_flow_log_000001/providers/Microsoft.OperationalInsights/workspaces/clitest000003","name":"clitest000003","type":"Microsoft.OperationalInsights/workspaces"}'
    headers:
      access-control-allow-origin:
      - '*'
      api-supported-versions:
      - 2015-03-20, 2020-08-01, 2020-10-01, 2021-06-01, 2022-10-01
      cache-control:
      - no-cache
      content-length:
      - '840'
      content-type:
      - application/json; charset=utf-8
      date:
      - Sun, 17 Sep 2023 13:02:59 GMT
      expires:
      - '-1'
      location:
      - https://management.azure.com/subscriptions/00000000-0000-0000-0000-000000000000/resourceGroups/test_nw_flow_log_000001/providers/Microsoft.OperationalInsights/workspaces/clitest000003?api-version=2022-10-01
      pragma:
      - no-cache
      request-context:
      - appId=cid-v1:e6336c63-aab2-45f0-996a-e5dbab2a1508
      strict-transport-security:
      - max-age=31536000; includeSubDomains
      x-content-type-options:
      - nosniff
      x-ms-ratelimit-remaining-subscription-writes:
      - '1199'
      x-powered-by:
      - ASP.NET
    status:
      code: 201
      message: Created
- request:
    body: null
    headers:
      Accept:
      - '*/*'
      Accept-Encoding:
      - gzip, deflate
      CommandName:
      - monitor log-analytics workspace create
      Connection:
      - keep-alive
      ParameterSetName:
      - --resource-group --location --workspace-name
      User-Agent:
      - AZURECLI/2.52.0 (AAZ) azsdk-python-core/1.26.0 Python/3.10.6 (macOS-13.5.2-x86_64-i386-64bit)
    method: GET
    uri: https://management.azure.com/subscriptions/00000000-0000-0000-0000-000000000000/resourceGroups/test_nw_flow_log_000001/providers/Microsoft.OperationalInsights/workspaces/clitest000003?api-version=2022-10-01
  response:
    body:
      string: '{"properties":{"customerId":"faa5806c-9f80-444e-9920-79f2228476c9","provisioningState":"Succeeded","sku":{"name":"PerGB2018","lastSkuUpdate":"2023-09-17T13:02:58.7366255Z"},"retentionInDays":30,"features":{"legacy":0,"searchVersion":1,"enableLogAccessUsingOnlyResourcePermissions":true},"workspaceCapping":{"dailyQuotaGb":-1.0,"quotaNextResetTime":"2023-09-18T13:00:00Z","dataIngestionStatus":"RespectQuota"},"publicNetworkAccessForIngestion":"Enabled","publicNetworkAccessForQuery":"Enabled","createdDate":"2023-09-17T13:02:58.7366255Z","modifiedDate":"2023-09-17T13:02:59.6581375Z"},"location":"eastus","id":"/subscriptions/00000000-0000-0000-0000-000000000000/resourceGroups/test_nw_flow_log_000001/providers/Microsoft.OperationalInsights/workspaces/clitest000003","name":"clitest000003","type":"Microsoft.OperationalInsights/workspaces"}'
    headers:
      access-control-allow-origin:
      - '*'
      api-supported-versions:
      - 2015-03-20, 2020-08-01, 2020-10-01, 2021-06-01, 2022-10-01
      cache-control:
      - no-cache
      content-length:
      - '841'
      content-type:
      - application/json; charset=utf-8
      date:
      - Sun, 17 Sep 2023 13:03:00 GMT
      expires:
      - '-1'
      pragma:
      - no-cache
      request-context:
      - appId=cid-v1:e6336c63-aab2-45f0-996a-e5dbab2a1508
      strict-transport-security:
      - max-age=31536000; includeSubDomains
      transfer-encoding:
      - chunked
      vary:
      - Accept-Encoding
      x-content-type-options:
      - nosniff
      x-powered-by:
      - ASP.NET
    status:
      code: 200
      message: OK
- request:
    body: null
    headers:
      Accept:
      - application/json
      Accept-Encoding:
      - gzip, deflate
      CommandName:
      - network watcher flow-log create
      Connection:
      - keep-alive
      ParameterSetName:
      - --location --resource-group --nsg --storage-account --workspace --name
      User-Agent:
      - AZURECLI/2.52.0 (AAZ) azsdk-python-core/1.26.0 Python/3.10.6 (macOS-13.5.2-x86_64-i386-64bit)
    method: GET
    uri: https://management.azure.com/subscriptions/00000000-0000-0000-0000-000000000000/providers/Microsoft.Network/networkWatchers?api-version=2022-01-01
  response:
    body:
      string: '{"value":[{"name":"NetworkWatcher_westus","id":"/subscriptions/00000000-0000-0000-0000-000000000000/resourceGroups/NetworkWatcherRG/providers/Microsoft.Network/networkWatchers/NetworkWatcher_westus","etag":"W/\"c24dd05b-46e8-4477-a53f-4714fd7ca72d\"","type":"Microsoft.Network/networkWatchers","location":"westus","properties":{"provisioningState":"Succeeded","runningOperationIds":[]}},{"name":"NetworkWatcher_eastus","id":"/subscriptions/00000000-0000-0000-0000-000000000000/resourceGroups/NetworkWatcherRG/providers/Microsoft.Network/networkWatchers/NetworkWatcher_eastus","etag":"W/\"fc6e5ed6-bf30-403c-a517-3356724043a8\"","type":"Microsoft.Network/networkWatchers","location":"eastus","properties":{"provisioningState":"Succeeded","runningOperationIds":[]}},{"name":"NetworkWatcher_northeurope","id":"/subscriptions/00000000-0000-0000-0000-000000000000/resourceGroups/NetworkWatcherRG/providers/Microsoft.Network/networkWatchers/NetworkWatcher_northeurope","etag":"W/\"0dfcccdf-7951-44a6-98c7-2a31465086c4\"","type":"Microsoft.Network/networkWatchers","location":"northeurope","properties":{"provisioningState":"Succeeded","runningOperationIds":[]}},{"name":"NetworkWatcher_eastus2","id":"/subscriptions/00000000-0000-0000-0000-000000000000/resourceGroups/NetworkWatcherRG/providers/Microsoft.Network/networkWatchers/NetworkWatcher_eastus2","etag":"W/\"f9fae14c-5635-47c3-87f9-7edd75ac5c97\"","type":"Microsoft.Network/networkWatchers","location":"eastus2","properties":{"provisioningState":"Succeeded","runningOperationIds":[]}},{"name":"NetworkWatcher_westcentralus","id":"/subscriptions/00000000-0000-0000-0000-000000000000/resourceGroups/NetworkWatcherRG/providers/Microsoft.Network/networkWatchers/NetworkWatcher_westcentralus","etag":"W/\"dd824e04-5129-484c-a18f-9ba2b6232347\"","type":"Microsoft.Network/networkWatchers","location":"westcentralus","properties":{"provisioningState":"Succeeded","runningOperationIds":[]}},{"name":"NetworkWatcher_westus2","id":"/subscriptions/00000000-0000-0000-0000-000000000000/resourceGroups/NetworkWatcherRG/providers/Microsoft.Network/networkWatchers/NetworkWatcher_westus2","etag":"W/\"d7b2ba34-7fbc-41ea-a874-2812d6d7888c\"","type":"Microsoft.Network/networkWatchers","location":"westus2","properties":{"provisioningState":"Succeeded","runningOperationIds":[]}},{"name":"NetworkWatcher_uksouth","id":"/subscriptions/00000000-0000-0000-0000-000000000000/resourceGroups/NetworkWatcherRG/providers/Microsoft.Network/networkWatchers/NetworkWatcher_uksouth","etag":"W/\"cddf953d-ebc4-4140-9a03-f639e40bf858\"","type":"Microsoft.Network/networkWatchers","location":"uksouth","properties":{"provisioningState":"Succeeded","runningOperationIds":[]}},{"name":"NetworkWatcher_eastus2euap","id":"/subscriptions/00000000-0000-0000-0000-000000000000/resourceGroups/NetworkWatcherRG/providers/Microsoft.Network/networkWatchers/NetworkWatcher_eastus2euap","etag":"W/\"deaa1d68-8cd7-4ee3-9fae-8d22331e1645\"","type":"Microsoft.Network/networkWatchers","location":"eastus2euap","properties":{"provisioningState":"Succeeded","runningOperationIds":[]}}]}'
    headers:
      cache-control:
      - no-cache
      content-length:
      - '3087'
      content-type:
      - application/json; charset=utf-8
      date:
      - Sun, 17 Sep 2023 13:03:01 GMT
      expires:
      - '-1'
      pragma:
      - no-cache
      strict-transport-security:
      - max-age=31536000; includeSubDomains
      vary:
      - Accept-Encoding
      x-content-type-options:
      - nosniff
      x-ms-original-request-ids:
      - c0318a04-961e-460d-b07b-9fd530f3b706
      - 92484f29-ff44-4339-83e2-f4558af141a1
      - a6ac7804-8025-477e-9a41-536c4661221d
      - beada7ad-7e84-4482-a95c-fa60db3763ba
      - 518efaa7-1d58-4001-a5f0-20aa6de08569
      - aa0c71ce-62d9-4a48-b91f-46cc423d0e3d
      - 36fd8af4-f853-4437-802a-2b4b2bc50a4f
      - 2134827b-58d2-4cf6-99cf-160901c0d883
    status:
      code: 200
      message: OK
- request:
    body: null
    headers:
      Accept:
      - application/json
      Accept-Encoding:
      - gzip, deflate
      CommandName:
      - network watcher flow-log create
      Connection:
      - keep-alive
      ParameterSetName:
      - --location --resource-group --nsg --storage-account --workspace --name
      User-Agent:
      - AZURECLI/2.52.0 azsdk-python-azure-mgmt-resource/23.1.0b2 Python/3.10.6 (macOS-13.5.2-x86_64-i386-64bit)
    method: GET
    uri: https://management.azure.com/subscriptions/00000000-0000-0000-0000-000000000000/providers/Microsoft.OperationalInsights?api-version=2022-09-01
  response:
    body:
      string: '{"id":"/subscriptions/00000000-0000-0000-0000-000000000000/providers/Microsoft.OperationalInsights","namespace":"Microsoft.OperationalInsights","authorizations":[{"applicationId":"d2a0a418-0aac-4541-82b2-b3142c89da77","roleDefinitionId":"86695298-2eb9-48a7-9ec3-2fdb38b6878b"},{"applicationId":"ca7f3f0b-7d91-482c-8e09-c5d840d0eac5","roleDefinitionId":"5d5a2e56-9835-44aa-93db-d2f19e155438"}],"resourceTypes":[{"resourceType":"workspaces","locations":["East
        US","West Europe","Southeast Asia","Australia Southeast","West Central US","Japan
        East","UK South","Central India","Canada Central","West US 2","Australia Central","Australia
        East","France Central","Korea Central","North Europe","Central US","East Asia","East
        US 2","South Central US","North Central US","West US","UK West","South Africa
        North","Brazil South","Switzerland North","Switzerland West","Germany West
        Central","Australia Central 2","UAE Central","UAE North","Japan West","Brazil
        Southeast","Norway East","Norway West","France South","South India","Korea
        South","Jio India Central","Jio India West","Qatar Central","Canada East","West
        US 3","Sweden Central","South Africa West","Germany North","Poland Central"],"apiVersions":["2022-10-01","2021-12-01-preview","2021-06-01","2021-03-01-privatepreview","2020-10-01","2020-08-01","2020-03-01-preview","2017-04-26-preview","2017-03-15-preview","2017-03-03-preview","2017-01-01-preview","2015-11-01-preview","2015-03-20"],"defaultApiVersion":"2022-10-01","capabilities":"CrossResourceGroupResourceMove,
        CrossSubscriptionResourceMove, SystemAssignedResourceIdentity, SupportsTags,
        SupportsLocation"},{"resourceType":"querypacks","locations":["West Central
        US","East US","South Central US","North Europe","West Europe","Southeast Asia","West
        US 2","UK South","Canada Central","Central India","Japan East","Australia
        East","Korea Central","France Central","Central US","East US 2","East Asia","West
        US","South Africa North","North Central US","Brazil South","Switzerland North","Norway
        East","Australia Southeast","Australia Central 2","Germany West Central","Switzerland
        West","UAE Central","UK West","Brazil Southeast","Japan West","UAE North","Australia
        Central","France South","South India","Korea South","Jio India Central","Jio
        India West","Qatar Central","Canada East","West US 3","Sweden Central"],"apiVersions":["2019-09-01-preview","2019-09-01"],"capabilities":"SupportsTags,
        SupportsLocation"},{"resourceType":"locations","locations":[],"apiVersions":["2020-10-01","2020-08-01","2020-03-01-preview","2019-08-01-preview","2017-04-26-preview","2017-03-15-preview","2017-03-03-preview","2017-01-01-preview","2015-11-01-preview","2015-03-20"],"defaultApiVersion":"2020-08-01","capabilities":"None"},{"resourceType":"locations/operationStatuses","locations":["East
        US","West Europe","Southeast Asia","Australia Southeast","West Central US","Japan
        East","UK South","Central India","Canada Central","West US 2","Australia Central","Australia
        East","France Central","Korea Central","North Europe","Central US","East Asia","East
        US 2","South Central US","North Central US","West US","UK West","South Africa
        North","Brazil South","Switzerland North","Switzerland West","Germany West
        Central","Australia Central 2","UAE Central","UAE North","Japan West","Brazil
        Southeast","Norway East","Norway West","France South","South India","Korea
        South","Jio India Central","Jio India West","Qatar Central","Canada East","West
        US 3","Sweden Central","South Africa West","Germany North","Poland Central"],"apiVersions":["2023-01-01-preview","2022-10-01","2022-09-01-privatepreview","2021-12-01-preview","2020-10-01","2020-08-01","2020-03-01-preview","2019-08-01-preview","2017-04-26-preview","2017-03-15-preview","2017-03-03-preview","2017-01-01-preview","2015-11-01-preview","2015-03-20"],"defaultApiVersion":"2022-10-01","capabilities":"None"},{"resourceType":"workspaces/scopedPrivateLinkProxies","locations":["East
        US","West Europe","Southeast Asia","Australia Southeast","West Central US","Japan
        East","UK South","Central India","Canada Central","West US 2","Australia Central","Australia
        East","France Central","Korea Central","North Europe","Central US","East Asia","East
        US 2","South Central US","North Central US","West US","UK West","South Africa
        North","Brazil South","Switzerland North","Switzerland West","Germany West
        Central","Australia Central 2","UAE Central","UAE North","Japan West","Brazil
        Southeast","Norway East","Norway West","France South","South India","Korea
        South","Jio India Central","Jio India West","Qatar Central","Canada East","West
        US 3","Sweden Central","South Africa West","Germany North","Poland Central"],"apiVersions":["2020-03-01-preview","2019-08-01-preview","2015-11-01-preview"],"defaultApiVersion":"2020-03-01-preview","capabilities":"None"},{"resourceType":"workspaces/api","locations":[],"apiVersions":["2020-08-01","2020-03-01-preview","2017-01-01-preview"],"capabilities":"None"},{"resourceType":"workspaces/query","locations":[],"apiVersions":["2017-10-01"],"capabilities":"None"},{"resourceType":"workspaces/metadata","locations":[],"apiVersions":["2017-10-01"],"capabilities":"None"},{"resourceType":"workspaces/purge","locations":[],"apiVersions":["2022-10-01","2020-10-01","2020-08-01","2017-04-26-preview","2015-03-20"],"capabilities":"None"},{"resourceType":"workspaces/operations","locations":[],"apiVersions":["2022-10-01","2020-08-01","2017-04-26-preview","2015-03-20"],"capabilities":"None"},{"resourceType":"workspaces/dataSources","locations":["East
        US","West Europe","Southeast Asia","Australia Southeast","West Central US","Japan
        East","UK South","Central India","Canada Central","West US 2","Australia Central","Australia
        East","France Central","Korea Central","North Europe","Central US","East Asia","East
        US 2","South Central US","North Central US","West US","UK West","South Africa
        North","Brazil South","Switzerland North","Switzerland West","Germany West
        Central","Australia Central 2","UAE Central","UAE North","Japan West","Brazil
        Southeast","Norway East","Norway West","France South","South India","Korea
        South","Jio India Central","Jio India West","Qatar Central","Canada East","West
        US 3","Sweden Central","South Africa West","Germany North","Poland Central"],"apiVersions":["2020-08-01","2020-03-01-preview","2015-11-01-preview"],"defaultApiVersion":"2020-08-01","capabilities":"None"},{"resourceType":"workspaces/linkedStorageAccounts","locations":["East
        US","West Europe","Southeast Asia","Australia Southeast","West Central US","Japan
        East","UK South","Central India","Canada Central","West US 2","Australia Central","Australia
        East","France Central","Korea Central","North Europe","Central US","East Asia","East
        US 2","South Central US","North Central US","West US","UK West","South Africa
        North","Brazil South","Switzerland North","Switzerland West","Germany West
        Central","Australia Central 2","UAE Central","UAE North","Japan West","Brazil
        Southeast","Norway East","Norway West","France South","South India","Korea
        South","Jio India Central","Jio India West","Qatar Central","Canada East","West
        US 3","Sweden Central","South Africa West","Germany North","Poland Central"],"apiVersions":["2020-08-01","2020-03-01-preview","2019-08-01-preview"],"defaultApiVersion":"2020-08-01","capabilities":"None"},{"resourceType":"workspaces/tables","locations":["East
        US","West Europe","Southeast Asia","Australia Southeast","West Central US","Japan
        East","UK South","Central India","Canada Central","West US 2","Australia East","Australia
        Central","France Central","Korea Central","North Europe","Central US","East
        Asia","East US 2","South Central US","North Central US","West US","UK West","South
        Africa North","Brazil South","Switzerland North","Switzerland West","Germany
        West Central","Australia Central 2","UAE Central","UAE North","Japan West","Brazil
        Southeast","Norway East","Norway West","France South","South India","Korea
        South","Jio India Central","Jio India West","Qatar Central","Canada East","West
        US 3","Sweden Central","South Africa West","Germany North","Poland Central","East
        US 2 EUAP","Central US EUAP","Italy North"],"apiVersions":["2021-07-01-privatepreview","2021-03-01-privatepreview","2020-10-01"],"capabilities":"None"},{"resourceType":"workspaces/storageInsightConfigs","locations":["East
        US","West Europe","Southeast Asia","Australia Southeast","West Central US","Japan
        East","UK South","Central India","Canada Central","West US 2","Australia East","Australia
        Central","France Central","Korea Central","North Europe","Central US","East
        Asia","East US 2","South Central US","North Central US","West US","UK West","South
        Africa North","Brazil South","Switzerland North","Switzerland West","Germany
        West Central","Australia Central 2","UAE Central","UAE North","Japan West","Brazil
        Southeast","Norway East","Norway West","France South","South India","Korea
        South","Jio India Central","Jio India West","Qatar Central","Canada East","West
        US 3","Sweden Central","South Africa West","Germany North","Poland Central"],"apiVersions":["2020-08-01","2020-03-01-preview","2017-04-26-preview","2017-03-15-preview","2017-03-03-preview","2017-01-01-preview","2015-11-01-preview","2015-03-20"],"capabilities":"None"},{"resourceType":"storageInsightConfigs","locations":[],"apiVersions":["2020-08-01","2020-03-01-preview","2014-10-10"],"capabilities":"SupportsExtension"},{"resourceType":"workspaces/linkedServices","locations":["East
        US","West Europe","Southeast Asia","Australia Southeast","West Central US","Japan
        East","UK South","Central India","Canada Central","West US 2","Australia Central","Australia
        East","France Central","Korea Central","North Europe","Central US","East Asia","East
        US 2","South Central US","North Central US","West US","UK West","South Africa
        North","Brazil South","Switzerland North","Switzerland West","Germany West
        Central","Australia Central 2","UAE Central","UAE North","Japan West","Brazil
        Southeast","Norway East","Norway West","France South","South India","Korea
        South","Jio India Central","Jio India West","Qatar Central","Canada East","West
        US 3","Sweden Central","South Africa West","Germany North","Poland Central"],"apiVersions":["2020-08-01","2020-03-01-preview","2019-08-01-preview","2015-11-01-preview"],"defaultApiVersion":"2020-08-01","capabilities":"None"},{"resourceType":"linkTargets","locations":["East
        US"],"apiVersions":["2020-03-01-preview","2015-03-20"],"capabilities":"None"},{"resourceType":"deletedWorkspaces","locations":["East
        US","West Europe","Southeast Asia","Australia Southeast","West Central US","Japan
        East","UK South","Central India","Canada Central","West US 2","Australia Central","Australia
        East","France Central","Korea Central","North Europe","Central US","East Asia","East
        US 2","South Central US","North Central US","West US","UK West","South Africa
        North","Brazil South","Switzerland North","Switzerland West","Germany West
        Central","Australia Central 2","UAE Central","UAE North","Japan West","Brazil
        Southeast","Norway East","Norway West","France South","South India","Korea
        South","Jio India Central","Jio India West","Qatar Central","Canada East","West
        US 3","Sweden Central","South Africa West","Germany North","Poland Central"],"apiVersions":["2022-10-01","2021-12-01-preview","2020-10-01","2020-08-01","2020-03-01-preview"],"defaultApiVersion":"2022-10-01","capabilities":"None"},{"resourceType":"operations","locations":[],"apiVersions":["2022-10-01","2021-12-01-preview","2020-10-01","2020-08-01","2020-03-01-preview","2015-11-01-preview","2014-11-10"],"defaultApiVersion":"2020-08-01","capabilities":"None"},{"resourceType":"clusters","locations":["East
        US","West Europe","Southeast Asia","Australia Southeast","West Central US","Japan
        East","UK South","Central India","Canada Central","West US 2","Australia Central","Australia
        East","France Central","Korea Central","North Europe","Central US","East Asia","East
        US 2","South Central US","North Central US","West US","UK West","South Africa
        North","Switzerland North","Switzerland West","Germany West Central","Australia
        Central 2","UAE Central","Brazil South","UAE North","Japan West","Brazil Southeast","Norway
        East","Norway West","France South","South India","Korea South","Jio India
        Central","Jio India West","Qatar Central","Canada East","West US 3","Sweden
        Central","South Africa West","Germany North","Poland Central"],"apiVersions":["2021-06-01","2020-10-01","2020-08-01","2020-03-01-preview","2019-08-01-preview"],"defaultApiVersion":"2021-06-01","capabilities":"CrossResourceGroupResourceMove,
        CrossSubscriptionResourceMove, SystemAssignedResourceIdentity, SupportsTags,
        SupportsLocation"},{"resourceType":"workspaces/dataExports","locations":["East
        US","West Europe","Southeast Asia","Australia Southeast","West Central US","Japan
        East","UK South","Central India","Canada Central","West US 2","Australia Central","Australia
        East","France Central","Korea Central","North Europe","Central US","East Asia","East
        US 2","South Central US","North Central US","West US","UK West","South Africa
        North","Brazil South","Switzerland North","Switzerland West","Germany West
        Central","Australia Central 2","UAE Central","UAE North","Japan West","Brazil
        Southeast","Norway East","Norway West","France South","South India","Korea
        South","Jio India Central","Jio India West","Qatar Central","Canada East","West
        US 3","Sweden Central","South Africa West","Germany North","Poland Central"],"apiVersions":["2020-08-01","2020-03-01-preview","2019-08-01-preview"],"defaultApiVersion":"2020-08-01","capabilities":"None"},{"resourceType":"locations/notifyNetworkSecurityPerimeterUpdatesAvailable","locations":["East
        US 2 EUAP","East US","East US 2","North Central US","South Central US","West
        US","West US 2"],"apiVersions":["2021-10-01"],"defaultApiVersion":"2021-10-01","capabilities":"None"}],"registrationState":"Registered","registrationPolicy":"RegistrationRequired"}'
    headers:
      cache-control:
      - no-cache
      content-length:
      - '13881'
      content-type:
      - application/json; charset=utf-8
      date:
      - Sun, 17 Sep 2023 13:03:02 GMT
      expires:
      - '-1'
      pragma:
      - no-cache
      strict-transport-security:
      - max-age=31536000; includeSubDomains
      vary:
      - Accept-Encoding
      x-content-type-options:
      - nosniff
    status:
      code: 200
      message: OK
- request:
    body: null
    headers:
      Accept:
      - application/json
      Accept-Encoding:
      - gzip, deflate
      CommandName:
      - network watcher flow-log create
      Connection:
      - keep-alive
      ParameterSetName:
      - --location --resource-group --nsg --storage-account --workspace --name
      User-Agent:
      - AZURECLI/2.52.0 azsdk-python-azure-mgmt-resource/23.1.0b2 Python/3.10.6 (macOS-13.5.2-x86_64-i386-64bit)
    method: GET
    uri: https://management.azure.com/subscriptions/00000000-0000-0000-0000-000000000000/resourceGroups/test_nw_flow_log_000001/providers/Microsoft.OperationalInsights/workspaces/clitest000003?api-version=2022-10-01
  response:
    body:
      string: '{"properties":{"customerId":"faa5806c-9f80-444e-9920-79f2228476c9","provisioningState":"Succeeded","sku":{"name":"PerGB2018","lastSkuUpdate":"2023-09-17T13:02:58.7366255Z"},"retentionInDays":30,"features":{"legacy":0,"searchVersion":1,"enableLogAccessUsingOnlyResourcePermissions":true},"workspaceCapping":{"dailyQuotaGb":-1.0,"quotaNextResetTime":"2023-09-18T13:00:00Z","dataIngestionStatus":"RespectQuota"},"publicNetworkAccessForIngestion":"Enabled","publicNetworkAccessForQuery":"Enabled","createdDate":"2023-09-17T13:02:58.7366255Z","modifiedDate":"2023-09-17T13:02:59.6581375Z"},"location":"eastus","id":"/subscriptions/00000000-0000-0000-0000-000000000000/resourceGroups/test_nw_flow_log_000001/providers/Microsoft.OperationalInsights/workspaces/clitest000003","name":"clitest000003","type":"Microsoft.OperationalInsights/workspaces"}'
    headers:
      access-control-allow-origin:
      - '*'
      api-supported-versions:
      - 2015-03-20, 2020-08-01, 2020-10-01, 2021-06-01, 2022-10-01
      cache-control:
      - no-cache
      content-length:
      - '841'
      content-type:
      - application/json; charset=utf-8
      date:
      - Sun, 17 Sep 2023 13:03:04 GMT
      expires:
      - '-1'
      pragma:
      - no-cache
      request-context:
      - appId=cid-v1:e6336c63-aab2-45f0-996a-e5dbab2a1508
      strict-transport-security:
      - max-age=31536000; includeSubDomains
      transfer-encoding:
      - chunked
      vary:
      - Accept-Encoding
      x-content-type-options:
      - nosniff
      x-powered-by:
      - ASP.NET
    status:
      code: 200
      message: OK
- request:
    body: '{"location": "eastus", "properties": {"enabled": true, "flowAnalyticsConfiguration":
      {"networkWatcherFlowAnalyticsConfiguration": {"trafficAnalyticsInterval": 60,
      "workspaceId": "faa5806c-9f80-444e-9920-79f2228476c9", "workspaceRegion": "eastus",
      "workspaceResourceId": "/subscriptions/00000000-0000-0000-0000-000000000000/resourceGroups/test_nw_flow_log_000001/providers/Microsoft.OperationalInsights/workspaces/clitest000003"}},
      "format": {"version": 0}, "storageId": "/subscriptions/00000000-0000-0000-0000-000000000000/resourceGroups/test_nw_flow_log_000001/providers/Microsoft.Storage/storageAccounts/testflowlog000002",
      "targetResourceId": "/subscriptions/00000000-0000-0000-0000-000000000000/resourceGroups/test_nw_flow_log_000001/providers/Microsoft.Network/networkSecurityGroups/nsg1"}}'
    headers:
      Accept:
      - application/json
      Accept-Encoding:
      - gzip, deflate
      CommandName:
      - network watcher flow-log create
      Connection:
      - keep-alive
      Content-Length:
      - '795'
      Content-Type:
      - application/json
      ParameterSetName:
      - --location --resource-group --nsg --storage-account --workspace --name
      User-Agent:
      - AZURECLI/2.52.0 (AAZ) azsdk-python-core/1.26.0 Python/3.10.6 (macOS-13.5.2-x86_64-i386-64bit)
    method: PUT
    uri: https://management.azure.com/subscriptions/00000000-0000-0000-0000-000000000000/resourceGroups/NetworkWatcherRG/providers/Microsoft.Network/networkWatchers/NetworkWatcher_eastus/flowLogs/flow_log_test2?api-version=2022-01-01
  response:
    body:
      string: "{\r\n  \"name\": \"flow_log_test2\",\r\n  \"id\": \"/subscriptions/00000000-0000-0000-0000-000000000000/resourceGroups/NetworkWatcherRG/providers/Microsoft.Network/networkWatchers/NetworkWatcher_eastus/flowLogs/flow_log_test2\"\
        ,\r\n  \"etag\": \"W/\\\"6182691b-a24b-4001-9663-45781cebd68f\\\"\",\r\n \
        \ \"properties\": {\r\n    \"provisioningState\": \"Updating\",\r\n    \"\
        targetResourceId\": \"/subscriptions/00000000-0000-0000-0000-000000000000/resourceGroups/test_nw_flow_log_000001/providers/Microsoft.Network/networkSecurityGroups/nsg1\"\
        ,\r\n    \"targetResourceGuid\": \"641be98f-6d93-465f-8168-b53b535fb0d1\"\
        ,\r\n    \"storageId\": \"/subscriptions/00000000-0000-0000-0000-000000000000/resourceGroups/test_nw_flow_log_000001/providers/Microsoft.Storage/storageAccounts/testflowlog000002\"\
        ,\r\n    \"enabled\": true,\r\n    \"flowAnalyticsConfiguration\": {\r\n \
        \     \"networkWatcherFlowAnalyticsConfiguration\": {\r\n        \"enabled\"\
        : false,\r\n        \"workspaceId\": \"faa5806c-9f80-444e-9920-79f2228476c9\"\
        ,\r\n        \"workspaceRegion\": \"eastus\",\r\n        \"workspaceResourceId\"\
        : \"/subscriptions/00000000-0000-0000-0000-000000000000/resourceGroups/test_nw_flow_log_000001/providers/Microsoft.OperationalInsights/workspaces/clitest000003\"\
        ,\r\n        \"trafficAnalyticsInterval\": 60\r\n      }\r\n    },\r\n   \
        \ \"retentionPolicy\": {\r\n      \"days\": 0,\r\n      \"enabled\": false\r\
        \n    },\r\n    \"format\": {\r\n      \"type\": \"JSON\",\r\n      \"version\"\
        : 1\r\n    }\r\n  },\r\n  \"type\": \"Microsoft.Network/networkWatchers/flowLogs\"\
        ,\r\n  \"location\": \"eastus\"\r\n}"
    headers:
      azure-asyncnotification:
      - Enabled
      azure-asyncoperation:
      - https://management.azure.com/subscriptions/00000000-0000-0000-0000-000000000000/providers/Microsoft.Network/locations/eastus/operations/b131e6a4-0b10-4e75-b73a-b365cbfc5c60?api-version=2022-01-01
      cache-control:
      - no-cache
      content-length:
      - '1467'
      content-type:
      - application/json; charset=utf-8
      date:
      - Sun, 17 Sep 2023 13:03:10 GMT
      expires:
      - '-1'
      pragma:
      - no-cache
      server:
      - Microsoft-HTTPAPI/2.0
      - Microsoft-HTTPAPI/2.0
      strict-transport-security:
      - max-age=31536000; includeSubDomains
      x-content-type-options:
      - nosniff
      x-ms-arm-service-request-id:
      - 11f6ce91-2008-4a04-9295-c387397f5831
      x-ms-ratelimit-remaining-subscription-writes:
      - '1198'
    status:
      code: 201
      message: Created
- request:
    body: null
    headers:
      Accept:
      - '*/*'
      Accept-Encoding:
      - gzip, deflate
      CommandName:
      - network watcher flow-log create
      Connection:
      - keep-alive
      ParameterSetName:
      - --location --resource-group --nsg --storage-account --workspace --name
      User-Agent:
      - AZURECLI/2.52.0 (AAZ) azsdk-python-core/1.26.0 Python/3.10.6 (macOS-13.5.2-x86_64-i386-64bit)
    method: GET
    uri: https://management.azure.com/subscriptions/00000000-0000-0000-0000-000000000000/providers/Microsoft.Network/locations/eastus/operations/b131e6a4-0b10-4e75-b73a-b365cbfc5c60?api-version=2022-01-01
  response:
    body:
      string: "{\r\n  \"status\": \"Succeeded\"\r\n}"
    headers:
      cache-control:
      - no-cache
      content-length:
      - '29'
      content-type:
      - application/json; charset=utf-8
      date:
      - Sun, 17 Sep 2023 13:03:11 GMT
      expires:
      - '-1'
      pragma:
      - no-cache
      server:
      - Microsoft-HTTPAPI/2.0
      - Microsoft-HTTPAPI/2.0
      strict-transport-security:
      - max-age=31536000; includeSubDomains
      transfer-encoding:
      - chunked
      vary:
      - Accept-Encoding
      x-content-type-options:
      - nosniff
      x-ms-arm-service-request-id:
      - 5d900680-3385-48d4-b0c6-f70ad94e3094
    status:
      code: 200
      message: OK
- request:
    body: null
    headers:
      Accept:
      - '*/*'
      Accept-Encoding:
      - gzip, deflate
      CommandName:
      - network watcher flow-log create
      Connection:
      - keep-alive
      ParameterSetName:
      - --location --resource-group --nsg --storage-account --workspace --name
      User-Agent:
      - AZURECLI/2.52.0 (AAZ) azsdk-python-core/1.26.0 Python/3.10.6 (macOS-13.5.2-x86_64-i386-64bit)
    method: GET
    uri: https://management.azure.com/subscriptions/00000000-0000-0000-0000-000000000000/resourceGroups/NetworkWatcherRG/providers/Microsoft.Network/networkWatchers/NetworkWatcher_eastus/flowLogs/flow_log_test2?api-version=2022-01-01
  response:
    body:
      string: "{\r\n  \"name\": \"flow_log_test2\",\r\n  \"id\": \"/subscriptions/00000000-0000-0000-0000-000000000000/resourceGroups/NetworkWatcherRG/providers/Microsoft.Network/networkWatchers/NetworkWatcher_eastus/flowLogs/flow_log_test2\"\
        ,\r\n  \"etag\": \"W/\\\"e18ad55b-6d64-4de2-a449-d890982bba77\\\"\",\r\n \
        \ \"properties\": {\r\n    \"provisioningState\": \"Succeeded\",\r\n    \"\
        targetResourceId\": \"/subscriptions/00000000-0000-0000-0000-000000000000/resourceGroups/test_nw_flow_log_000001/providers/Microsoft.Network/networkSecurityGroups/nsg1\"\
        ,\r\n    \"targetResourceGuid\": \"641be98f-6d93-465f-8168-b53b535fb0d1\"\
        ,\r\n    \"storageId\": \"/subscriptions/00000000-0000-0000-0000-000000000000/resourceGroups/test_nw_flow_log_000001/providers/Microsoft.Storage/storageAccounts/testflowlog000002\"\
        ,\r\n    \"enabled\": true,\r\n    \"flowAnalyticsConfiguration\": {\r\n \
        \     \"networkWatcherFlowAnalyticsConfiguration\": {\r\n        \"enabled\"\
        : false,\r\n        \"workspaceId\": \"faa5806c-9f80-444e-9920-79f2228476c9\"\
        ,\r\n        \"workspaceRegion\": \"eastus\",\r\n        \"workspaceResourceId\"\
        : \"/subscriptions/00000000-0000-0000-0000-000000000000/resourceGroups/test_nw_flow_log_000001/providers/Microsoft.OperationalInsights/workspaces/clitest000003\"\
        ,\r\n        \"trafficAnalyticsInterval\": 60\r\n      }\r\n    },\r\n   \
        \ \"retentionPolicy\": {\r\n      \"days\": 0,\r\n      \"enabled\": false\r\
        \n    },\r\n    \"format\": {\r\n      \"type\": \"JSON\",\r\n      \"version\"\
        : 1\r\n    }\r\n  },\r\n  \"type\": \"Microsoft.Network/networkWatchers/flowLogs\"\
        ,\r\n  \"location\": \"eastus\"\r\n}"
    headers:
      cache-control:
      - no-cache
      content-length:
      - '1468'
      content-type:
      - application/json; charset=utf-8
      date:
      - Sun, 17 Sep 2023 13:03:11 GMT
      expires:
      - '-1'
      pragma:
      - no-cache
      server:
      - Microsoft-HTTPAPI/2.0
      - Microsoft-HTTPAPI/2.0
      strict-transport-security:
      - max-age=31536000; includeSubDomains
      transfer-encoding:
      - chunked
      vary:
      - Accept-Encoding
      x-content-type-options:
      - nosniff
      x-ms-arm-service-request-id:
      - bfb2f366-8c82-4bdc-87da-38b86dffb07e
    status:
      code: 200
      message: OK
- request:
    body: null
    headers:
      Accept:
      - application/json
      Accept-Encoding:
      - gzip, deflate
      CommandName:
      - network watcher flow-log show
      Connection:
      - keep-alive
      ParameterSetName:
      - --location --name
      User-Agent:
      - AZURECLI/2.52.0 (AAZ) azsdk-python-core/1.26.0 Python/3.10.6 (macOS-13.5.2-x86_64-i386-64bit)
    method: GET
    uri: https://management.azure.com/subscriptions/00000000-0000-0000-0000-000000000000/providers/Microsoft.Network/networkWatchers?api-version=2022-01-01
  response:
    body:
      string: '{"value":[{"name":"NetworkWatcher_westus","id":"/subscriptions/00000000-0000-0000-0000-000000000000/resourceGroups/NetworkWatcherRG/providers/Microsoft.Network/networkWatchers/NetworkWatcher_westus","etag":"W/\"c24dd05b-46e8-4477-a53f-4714fd7ca72d\"","type":"Microsoft.Network/networkWatchers","location":"westus","properties":{"provisioningState":"Succeeded","runningOperationIds":[]}},{"name":"NetworkWatcher_eastus","id":"/subscriptions/00000000-0000-0000-0000-000000000000/resourceGroups/NetworkWatcherRG/providers/Microsoft.Network/networkWatchers/NetworkWatcher_eastus","etag":"W/\"e18ad55b-6d64-4de2-a449-d890982bba77\"","type":"Microsoft.Network/networkWatchers","location":"eastus","properties":{"provisioningState":"Succeeded","runningOperationIds":[]}},{"name":"NetworkWatcher_northeurope","id":"/subscriptions/00000000-0000-0000-0000-000000000000/resourceGroups/NetworkWatcherRG/providers/Microsoft.Network/networkWatchers/NetworkWatcher_northeurope","etag":"W/\"0dfcccdf-7951-44a6-98c7-2a31465086c4\"","type":"Microsoft.Network/networkWatchers","location":"northeurope","properties":{"provisioningState":"Succeeded","runningOperationIds":[]}},{"name":"NetworkWatcher_eastus2","id":"/subscriptions/00000000-0000-0000-0000-000000000000/resourceGroups/NetworkWatcherRG/providers/Microsoft.Network/networkWatchers/NetworkWatcher_eastus2","etag":"W/\"f9fae14c-5635-47c3-87f9-7edd75ac5c97\"","type":"Microsoft.Network/networkWatchers","location":"eastus2","properties":{"provisioningState":"Succeeded","runningOperationIds":[]}},{"name":"NetworkWatcher_westcentralus","id":"/subscriptions/00000000-0000-0000-0000-000000000000/resourceGroups/NetworkWatcherRG/providers/Microsoft.Network/networkWatchers/NetworkWatcher_westcentralus","etag":"W/\"dd824e04-5129-484c-a18f-9ba2b6232347\"","type":"Microsoft.Network/networkWatchers","location":"westcentralus","properties":{"provisioningState":"Succeeded","runningOperationIds":[]}},{"name":"NetworkWatcher_westus2","id":"/subscriptions/00000000-0000-0000-0000-000000000000/resourceGroups/NetworkWatcherRG/providers/Microsoft.Network/networkWatchers/NetworkWatcher_westus2","etag":"W/\"d7b2ba34-7fbc-41ea-a874-2812d6d7888c\"","type":"Microsoft.Network/networkWatchers","location":"westus2","properties":{"provisioningState":"Succeeded","runningOperationIds":[]}},{"name":"NetworkWatcher_uksouth","id":"/subscriptions/00000000-0000-0000-0000-000000000000/resourceGroups/NetworkWatcherRG/providers/Microsoft.Network/networkWatchers/NetworkWatcher_uksouth","etag":"W/\"cddf953d-ebc4-4140-9a03-f639e40bf858\"","type":"Microsoft.Network/networkWatchers","location":"uksouth","properties":{"provisioningState":"Succeeded","runningOperationIds":[]}},{"name":"NetworkWatcher_eastus2euap","id":"/subscriptions/00000000-0000-0000-0000-000000000000/resourceGroups/NetworkWatcherRG/providers/Microsoft.Network/networkWatchers/NetworkWatcher_eastus2euap","etag":"W/\"deaa1d68-8cd7-4ee3-9fae-8d22331e1645\"","type":"Microsoft.Network/networkWatchers","location":"eastus2euap","properties":{"provisioningState":"Succeeded","runningOperationIds":[]}}]}'
    headers:
      cache-control:
      - no-cache
      content-length:
      - '3087'
      content-type:
      - application/json; charset=utf-8
      date:
      - Sun, 17 Sep 2023 13:03:13 GMT
      expires:
      - '-1'
      pragma:
      - no-cache
      strict-transport-security:
      - max-age=31536000; includeSubDomains
      vary:
      - Accept-Encoding
      x-content-type-options:
      - nosniff
      x-ms-original-request-ids:
      - 92576f3b-88b6-434c-86e8-a1b2092c3665
      - dd4e3ee5-73bc-4c5f-9429-fcf503c2abc8
      - 615aa172-c661-43e7-844b-f593e9a1591b
      - 3d4dd1ad-6894-41f2-b1db-f62ad204bd18
      - b7a00bfb-6a76-454d-8be8-884be8bbde24
      - 206d6c39-e041-4b69-92ab-ad7d5c3cbe47
      - b8b43cbe-aaa3-4f9e-b141-a19942cade16
      - 3879e1f6-2fc3-49c5-9ff3-8cd2fb1f2d8d
    status:
      code: 200
      message: OK
- request:
    body: null
    headers:
      Accept:
      - application/json
      Accept-Encoding:
      - gzip, deflate
      CommandName:
      - network watcher flow-log show
      Connection:
      - keep-alive
      ParameterSetName:
      - --location --name
      User-Agent:
      - AZURECLI/2.52.0 (AAZ) azsdk-python-core/1.26.0 Python/3.10.6 (macOS-13.5.2-x86_64-i386-64bit)
    method: GET
    uri: https://management.azure.com/subscriptions/00000000-0000-0000-0000-000000000000/resourceGroups/NetworkWatcherRG/providers/Microsoft.Network/networkWatchers/NetworkWatcher_eastus/flowLogs/flow_log_test2?api-version=2022-01-01
  response:
    body:
      string: "{\r\n  \"name\": \"flow_log_test2\",\r\n  \"id\": \"/subscriptions/00000000-0000-0000-0000-000000000000/resourceGroups/NetworkWatcherRG/providers/Microsoft.Network/networkWatchers/NetworkWatcher_eastus/flowLogs/flow_log_test2\"\
        ,\r\n  \"etag\": \"W/\\\"e18ad55b-6d64-4de2-a449-d890982bba77\\\"\",\r\n \
        \ \"properties\": {\r\n    \"provisioningState\": \"Succeeded\",\r\n    \"\
        targetResourceId\": \"/subscriptions/00000000-0000-0000-0000-000000000000/resourceGroups/test_nw_flow_log_000001/providers/Microsoft.Network/networkSecurityGroups/nsg1\"\
        ,\r\n    \"targetResourceGuid\": \"641be98f-6d93-465f-8168-b53b535fb0d1\"\
        ,\r\n    \"storageId\": \"/subscriptions/00000000-0000-0000-0000-000000000000/resourceGroups/test_nw_flow_log_000001/providers/Microsoft.Storage/storageAccounts/testflowlog000002\"\
        ,\r\n    \"enabled\": true,\r\n    \"flowAnalyticsConfiguration\": {\r\n \
        \     \"networkWatcherFlowAnalyticsConfiguration\": {\r\n        \"enabled\"\
        : false,\r\n        \"workspaceId\": \"faa5806c-9f80-444e-9920-79f2228476c9\"\
        ,\r\n        \"workspaceRegion\": \"eastus\",\r\n        \"workspaceResourceId\"\
        : \"/subscriptions/00000000-0000-0000-0000-000000000000/resourceGroups/test_nw_flow_log_000001/providers/Microsoft.OperationalInsights/workspaces/clitest000003\"\
        ,\r\n        \"trafficAnalyticsInterval\": 60\r\n      }\r\n    },\r\n   \
        \ \"retentionPolicy\": {\r\n      \"days\": 0,\r\n      \"enabled\": false\r\
        \n    },\r\n    \"format\": {\r\n      \"type\": \"JSON\",\r\n      \"version\"\
        : 1\r\n    }\r\n  },\r\n  \"type\": \"Microsoft.Network/networkWatchers/flowLogs\"\
        ,\r\n  \"location\": \"eastus\"\r\n}"
    headers:
      cache-control:
      - no-cache
      content-length:
      - '1468'
      content-type:
      - application/json; charset=utf-8
      date:
      - Sun, 17 Sep 2023 13:03:14 GMT
      expires:
      - '-1'
      pragma:
      - no-cache
      server:
      - Microsoft-HTTPAPI/2.0
      - Microsoft-HTTPAPI/2.0
      strict-transport-security:
      - max-age=31536000; includeSubDomains
      transfer-encoding:
      - chunked
      vary:
      - Accept-Encoding
      x-content-type-options:
      - nosniff
      x-ms-arm-service-request-id:
      - 2e9d0c1b-e99d-432d-9a2c-2475de528a57
    status:
      code: 200
      message: ''
- request:
    body: null
    headers:
      Accept:
      - application/json
      Accept-Encoding:
      - gzip, deflate
      CommandName:
      - network watcher flow-log update
      Connection:
      - keep-alive
      ParameterSetName:
      - --location --name --retention --storage-account --tags
      User-Agent:
      - AZURECLI/2.52.0 (AAZ) azsdk-python-core/1.26.0 Python/3.10.6 (macOS-13.5.2-x86_64-i386-64bit)
    method: GET
    uri: https://management.azure.com/subscriptions/00000000-0000-0000-0000-000000000000/providers/Microsoft.Network/networkWatchers?api-version=2022-01-01
  response:
    body:
      string: '{"value":[{"name":"NetworkWatcher_westus","id":"/subscriptions/00000000-0000-0000-0000-000000000000/resourceGroups/NetworkWatcherRG/providers/Microsoft.Network/networkWatchers/NetworkWatcher_westus","etag":"W/\"c24dd05b-46e8-4477-a53f-4714fd7ca72d\"","type":"Microsoft.Network/networkWatchers","location":"westus","properties":{"provisioningState":"Succeeded","runningOperationIds":[]}},{"name":"NetworkWatcher_eastus","id":"/subscriptions/00000000-0000-0000-0000-000000000000/resourceGroups/NetworkWatcherRG/providers/Microsoft.Network/networkWatchers/NetworkWatcher_eastus","etag":"W/\"e18ad55b-6d64-4de2-a449-d890982bba77\"","type":"Microsoft.Network/networkWatchers","location":"eastus","properties":{"provisioningState":"Succeeded","runningOperationIds":[]}},{"name":"NetworkWatcher_northeurope","id":"/subscriptions/00000000-0000-0000-0000-000000000000/resourceGroups/NetworkWatcherRG/providers/Microsoft.Network/networkWatchers/NetworkWatcher_northeurope","etag":"W/\"0dfcccdf-7951-44a6-98c7-2a31465086c4\"","type":"Microsoft.Network/networkWatchers","location":"northeurope","properties":{"provisioningState":"Succeeded","runningOperationIds":[]}},{"name":"NetworkWatcher_eastus2","id":"/subscriptions/00000000-0000-0000-0000-000000000000/resourceGroups/NetworkWatcherRG/providers/Microsoft.Network/networkWatchers/NetworkWatcher_eastus2","etag":"W/\"f9fae14c-5635-47c3-87f9-7edd75ac5c97\"","type":"Microsoft.Network/networkWatchers","location":"eastus2","properties":{"provisioningState":"Succeeded","runningOperationIds":[]}},{"name":"NetworkWatcher_westcentralus","id":"/subscriptions/00000000-0000-0000-0000-000000000000/resourceGroups/NetworkWatcherRG/providers/Microsoft.Network/networkWatchers/NetworkWatcher_westcentralus","etag":"W/\"dd824e04-5129-484c-a18f-9ba2b6232347\"","type":"Microsoft.Network/networkWatchers","location":"westcentralus","properties":{"provisioningState":"Succeeded","runningOperationIds":[]}},{"name":"NetworkWatcher_westus2","id":"/subscriptions/00000000-0000-0000-0000-000000000000/resourceGroups/NetworkWatcherRG/providers/Microsoft.Network/networkWatchers/NetworkWatcher_westus2","etag":"W/\"d7b2ba34-7fbc-41ea-a874-2812d6d7888c\"","type":"Microsoft.Network/networkWatchers","location":"westus2","properties":{"provisioningState":"Succeeded","runningOperationIds":[]}},{"name":"NetworkWatcher_uksouth","id":"/subscriptions/00000000-0000-0000-0000-000000000000/resourceGroups/NetworkWatcherRG/providers/Microsoft.Network/networkWatchers/NetworkWatcher_uksouth","etag":"W/\"cddf953d-ebc4-4140-9a03-f639e40bf858\"","type":"Microsoft.Network/networkWatchers","location":"uksouth","properties":{"provisioningState":"Succeeded","runningOperationIds":[]}},{"name":"NetworkWatcher_eastus2euap","id":"/subscriptions/00000000-0000-0000-0000-000000000000/resourceGroups/NetworkWatcherRG/providers/Microsoft.Network/networkWatchers/NetworkWatcher_eastus2euap","etag":"W/\"deaa1d68-8cd7-4ee3-9fae-8d22331e1645\"","type":"Microsoft.Network/networkWatchers","location":"eastus2euap","properties":{"provisioningState":"Succeeded","runningOperationIds":[]}}]}'
    headers:
      cache-control:
      - no-cache
      content-length:
      - '3087'
      content-type:
      - application/json; charset=utf-8
      date:
      - Sun, 17 Sep 2023 13:03:15 GMT
      expires:
      - '-1'
      pragma:
      - no-cache
      strict-transport-security:
      - max-age=31536000; includeSubDomains
      vary:
      - Accept-Encoding
      x-content-type-options:
      - nosniff
      x-ms-original-request-ids:
      - 3122e8b2-951b-4979-8f5e-f7cd31ce7ec5
      - f5060c5c-d2f1-494f-943a-1df6196695c5
      - 7f52eafa-4c7f-4aae-8518-6b1031746e7a
      - 35db28b9-871e-4891-a04b-03c0b7a307c5
      - c63c82bb-cd72-441e-b257-882494b340c6
      - 67a8efc1-500a-41af-a02b-09fc90a2cada
      - 2a5fac63-1d57-4c70-a05b-d87de4ceb70a
      - 09cfc878-e273-40cc-903a-5afabb47a200
    status:
      code: 200
      message: OK
- request:
    body: null
    headers:
      Accept:
      - application/json
      Accept-Encoding:
      - gzip, deflate
      CommandName:
      - network watcher flow-log update
      Connection:
      - keep-alive
      ParameterSetName:
      - --location --name --retention --storage-account --tags
      User-Agent:
      - AZURECLI/2.52.0 (AAZ) azsdk-python-core/1.26.0 Python/3.10.6 (macOS-13.5.2-x86_64-i386-64bit)
    method: GET
    uri: https://management.azure.com/subscriptions/00000000-0000-0000-0000-000000000000/resourceGroups/NetworkWatcherRG/providers/Microsoft.Network/networkWatchers/NetworkWatcher_eastus/flowLogs/flow_log_test2?api-version=2022-01-01
  response:
    body:
      string: "{\r\n  \"name\": \"flow_log_test2\",\r\n  \"id\": \"/subscriptions/00000000-0000-0000-0000-000000000000/resourceGroups/NetworkWatcherRG/providers/Microsoft.Network/networkWatchers/NetworkWatcher_eastus/flowLogs/flow_log_test2\"\
        ,\r\n  \"etag\": \"W/\\\"e18ad55b-6d64-4de2-a449-d890982bba77\\\"\",\r\n \
        \ \"properties\": {\r\n    \"provisioningState\": \"Succeeded\",\r\n    \"\
        targetResourceId\": \"/subscriptions/00000000-0000-0000-0000-000000000000/resourceGroups/test_nw_flow_log_000001/providers/Microsoft.Network/networkSecurityGroups/nsg1\"\
        ,\r\n    \"targetResourceGuid\": \"641be98f-6d93-465f-8168-b53b535fb0d1\"\
        ,\r\n    \"storageId\": \"/subscriptions/00000000-0000-0000-0000-000000000000/resourceGroups/test_nw_flow_log_000001/providers/Microsoft.Storage/storageAccounts/testflowlog000002\"\
        ,\r\n    \"enabled\": true,\r\n    \"flowAnalyticsConfiguration\": {\r\n \
        \     \"networkWatcherFlowAnalyticsConfiguration\": {\r\n        \"enabled\"\
        : false,\r\n        \"workspaceId\": \"faa5806c-9f80-444e-9920-79f2228476c9\"\
        ,\r\n        \"workspaceRegion\": \"eastus\",\r\n        \"workspaceResourceId\"\
        : \"/subscriptions/00000000-0000-0000-0000-000000000000/resourceGroups/test_nw_flow_log_000001/providers/Microsoft.OperationalInsights/workspaces/clitest000003\"\
        ,\r\n        \"trafficAnalyticsInterval\": 60\r\n      }\r\n    },\r\n   \
        \ \"retentionPolicy\": {\r\n      \"days\": 0,\r\n      \"enabled\": false\r\
        \n    },\r\n    \"format\": {\r\n      \"type\": \"JSON\",\r\n      \"version\"\
        : 1\r\n    }\r\n  },\r\n  \"type\": \"Microsoft.Network/networkWatchers/flowLogs\"\
        ,\r\n  \"location\": \"eastus\"\r\n}"
    headers:
      cache-control:
      - no-cache
      content-length:
      - '1468'
      content-type:
      - application/json; charset=utf-8
      date:
      - Sun, 17 Sep 2023 13:03:17 GMT
      expires:
      - '-1'
      pragma:
      - no-cache
      server:
      - Microsoft-HTTPAPI/2.0
      - Microsoft-HTTPAPI/2.0
      strict-transport-security:
      - max-age=31536000; includeSubDomains
      transfer-encoding:
      - chunked
      vary:
      - Accept-Encoding
      x-content-type-options:
      - nosniff
      x-ms-arm-service-request-id:
      - 4052da75-84ec-4c6a-be14-d9e46a4800c4
    status:
      code: 200
      message: OK
- request:
    body: '{"id": "/subscriptions/00000000-0000-0000-0000-000000000000/resourceGroups/NetworkWatcherRG/providers/Microsoft.Network/networkWatchers/NetworkWatcher_eastus/flowLogs/flow_log_test2",
      "location": "eastus", "properties": {"enabled": true, "flowAnalyticsConfiguration":
      {"networkWatcherFlowAnalyticsConfiguration": {"enabled": false, "trafficAnalyticsInterval":
      60, "workspaceId": "faa5806c-9f80-444e-9920-79f2228476c9", "workspaceRegion":
      "eastus", "workspaceResourceId": "/subscriptions/00000000-0000-0000-0000-000000000000/resourceGroups/test_nw_flow_log_000001/providers/Microsoft.OperationalInsights/workspaces/clitest000003"}},
      "format": {"type": "JSON", "version": 1}, "retentionPolicy": {"days": 2, "enabled":
      true}, "storageId": "/subscriptions/00000000-0000-0000-0000-000000000000/resourceGroups/test_nw_flow_log_000001/providers/Microsoft.Storage/storageAccounts/storageaccount0395",
      "targetResourceId": "/subscriptions/00000000-0000-0000-0000-000000000000/resourceGroups/test_nw_flow_log_000001/providers/Microsoft.Network/networkSecurityGroups/nsg1"},
      "tags": {"foo": "bar"}}'
    headers:
      Accept:
      - application/json
      Accept-Encoding:
      - gzip, deflate
      CommandName:
      - network watcher flow-log update
      Connection:
      - keep-alive
      Content-Length:
      - '1086'
      Content-Type:
      - application/json
      ParameterSetName:
      - --location --name --retention --storage-account --tags
      User-Agent:
      - AZURECLI/2.52.0 (AAZ) azsdk-python-core/1.26.0 Python/3.10.6 (macOS-13.5.2-x86_64-i386-64bit)
    method: PUT
    uri: https://management.azure.com/subscriptions/00000000-0000-0000-0000-000000000000/resourceGroups/NetworkWatcherRG/providers/Microsoft.Network/networkWatchers/NetworkWatcher_eastus/flowLogs/flow_log_test2?api-version=2022-01-01
  response:
    body:
      string: "{\r\n  \"name\": \"flow_log_test2\",\r\n  \"id\": \"/subscriptions/00000000-0000-0000-0000-000000000000/resourceGroups/NetworkWatcherRG/providers/Microsoft.Network/networkWatchers/NetworkWatcher_eastus/flowLogs/flow_log_test2\"\
        ,\r\n  \"etag\": \"W/\\\"2cbff993-df9e-4f1e-baf9-1c0f865a1518\\\"\",\r\n \
        \ \"properties\": {\r\n    \"provisioningState\": \"Updating\",\r\n    \"\
        targetResourceId\": \"/subscriptions/00000000-0000-0000-0000-000000000000/resourceGroups/test_nw_flow_log_000001/providers/Microsoft.Network/networkSecurityGroups/nsg1\"\
        ,\r\n    \"targetResourceGuid\": \"641be98f-6d93-465f-8168-b53b535fb0d1\"\
        ,\r\n    \"storageId\": \"/subscriptions/00000000-0000-0000-0000-000000000000/resourceGroups/test_nw_flow_log_000001/providers/Microsoft.Storage/storageAccounts/storageaccount0395\"\
        ,\r\n    \"enabled\": true,\r\n    \"flowAnalyticsConfiguration\": {\r\n \
        \     \"networkWatcherFlowAnalyticsConfiguration\": {\r\n        \"enabled\"\
        : false,\r\n        \"workspaceId\": \"faa5806c-9f80-444e-9920-79f2228476c9\"\
        ,\r\n        \"workspaceRegion\": \"eastus\",\r\n        \"workspaceResourceId\"\
        : \"/subscriptions/00000000-0000-0000-0000-000000000000/resourceGroups/test_nw_flow_log_000001/providers/Microsoft.OperationalInsights/workspaces/clitest000003\"\
        ,\r\n        \"trafficAnalyticsInterval\": 60\r\n      }\r\n    },\r\n   \
        \ \"retentionPolicy\": {\r\n      \"days\": 2,\r\n      \"enabled\": true\r\
        \n    },\r\n    \"format\": {\r\n      \"type\": \"JSON\",\r\n      \"version\"\
        : 1\r\n    }\r\n  },\r\n  \"type\": \"Microsoft.Network/networkWatchers/flowLogs\"\
        ,\r\n  \"location\": \"eastus\",\r\n  \"tags\": {\r\n    \"foo\": \"bar\"\r\
        \n  }\r\n}"
    headers:
      azure-asyncnotification:
      - Enabled
      azure-asyncoperation:
      - https://management.azure.com/subscriptions/00000000-0000-0000-0000-000000000000/providers/Microsoft.Network/locations/eastus/operations/b704b422-e020-4ff6-b34c-332064c0ff10?api-version=2022-01-01
      cache-control:
      - no-cache
      content-length:
      - '1504'
      content-type:
      - application/json; charset=utf-8
      date:
      - Sun, 17 Sep 2023 13:03:19 GMT
      expires:
      - '-1'
      pragma:
      - no-cache
      server:
      - Microsoft-HTTPAPI/2.0
      - Microsoft-HTTPAPI/2.0
      strict-transport-security:
      - max-age=31536000; includeSubDomains
      transfer-encoding:
      - chunked
      vary:
      - Accept-Encoding
      x-content-type-options:
      - nosniff
      x-ms-arm-service-request-id:
      - f132a244-86f3-494d-bbbf-b709963ee56e
      x-ms-ratelimit-remaining-subscription-writes:
      - '1198'
    status:
      code: 200
      message: OK
- request:
    body: null
    headers:
      Accept:
      - '*/*'
      Accept-Encoding:
      - gzip, deflate
      CommandName:
      - network watcher flow-log update
      Connection:
      - keep-alive
      ParameterSetName:
      - --location --name --retention --storage-account --tags
      User-Agent:
      - AZURECLI/2.52.0 (AAZ) azsdk-python-core/1.26.0 Python/3.10.6 (macOS-13.5.2-x86_64-i386-64bit)
    method: GET
    uri: https://management.azure.com/subscriptions/00000000-0000-0000-0000-000000000000/providers/Microsoft.Network/locations/eastus/operations/b704b422-e020-4ff6-b34c-332064c0ff10?api-version=2022-01-01
  response:
    body:
      string: "{\r\n  \"status\": \"Succeeded\"\r\n}"
    headers:
      cache-control:
      - no-cache
      content-length:
      - '29'
      content-type:
      - application/json; charset=utf-8
      date:
      - Sun, 17 Sep 2023 13:03:20 GMT
      expires:
      - '-1'
      pragma:
      - no-cache
      server:
      - Microsoft-HTTPAPI/2.0
      - Microsoft-HTTPAPI/2.0
      strict-transport-security:
      - max-age=31536000; includeSubDomains
      transfer-encoding:
      - chunked
      vary:
      - Accept-Encoding
      x-content-type-options:
      - nosniff
      x-ms-arm-service-request-id:
      - 1e913057-6b87-4b21-97e7-e7e0995bba80
    status:
      code: 200
      message: OK
- request:
    body: null
    headers:
      Accept:
      - '*/*'
      Accept-Encoding:
      - gzip, deflate
      CommandName:
      - network watcher flow-log update
      Connection:
      - keep-alive
      ParameterSetName:
      - --location --name --retention --storage-account --tags
      User-Agent:
      - AZURECLI/2.52.0 (AAZ) azsdk-python-core/1.26.0 Python/3.10.6 (macOS-13.5.2-x86_64-i386-64bit)
    method: GET
    uri: https://management.azure.com/subscriptions/00000000-0000-0000-0000-000000000000/resourceGroups/NetworkWatcherRG/providers/Microsoft.Network/networkWatchers/NetworkWatcher_eastus/flowLogs/flow_log_test2?api-version=2022-01-01
  response:
    body:
      string: "{\r\n  \"name\": \"flow_log_test2\",\r\n  \"id\": \"/subscriptions/00000000-0000-0000-0000-000000000000/resourceGroups/NetworkWatcherRG/providers/Microsoft.Network/networkWatchers/NetworkWatcher_eastus/flowLogs/flow_log_test2\"\
        ,\r\n  \"etag\": \"W/\\\"a815a9f6-0611-4aba-beec-640ce208aca1\\\"\",\r\n \
        \ \"properties\": {\r\n    \"provisioningState\": \"Succeeded\",\r\n    \"\
        targetResourceId\": \"/subscriptions/00000000-0000-0000-0000-000000000000/resourceGroups/test_nw_flow_log_000001/providers/Microsoft.Network/networkSecurityGroups/nsg1\"\
        ,\r\n    \"targetResourceGuid\": \"641be98f-6d93-465f-8168-b53b535fb0d1\"\
        ,\r\n    \"storageId\": \"/subscriptions/00000000-0000-0000-0000-000000000000/resourceGroups/test_nw_flow_log_000001/providers/Microsoft.Storage/storageAccounts/storageaccount0395\"\
        ,\r\n    \"enabled\": true,\r\n    \"flowAnalyticsConfiguration\": {\r\n \
        \     \"networkWatcherFlowAnalyticsConfiguration\": {\r\n        \"enabled\"\
        : false,\r\n        \"workspaceId\": \"faa5806c-9f80-444e-9920-79f2228476c9\"\
        ,\r\n        \"workspaceRegion\": \"eastus\",\r\n        \"workspaceResourceId\"\
        : \"/subscriptions/00000000-0000-0000-0000-000000000000/resourceGroups/test_nw_flow_log_000001/providers/Microsoft.OperationalInsights/workspaces/clitest000003\"\
        ,\r\n        \"trafficAnalyticsInterval\": 60\r\n      }\r\n    },\r\n   \
        \ \"retentionPolicy\": {\r\n      \"days\": 2,\r\n      \"enabled\": true\r\
        \n    },\r\n    \"format\": {\r\n      \"type\": \"JSON\",\r\n      \"version\"\
        : 1\r\n    }\r\n  },\r\n  \"type\": \"Microsoft.Network/networkWatchers/flowLogs\"\
        ,\r\n  \"location\": \"eastus\",\r\n  \"tags\": {\r\n    \"foo\": \"bar\"\r\
        \n  }\r\n}"
    headers:
      cache-control:
      - no-cache
      content-length:
      - '1505'
      content-type:
      - application/json; charset=utf-8
      date:
      - Sun, 17 Sep 2023 13:03:21 GMT
      expires:
      - '-1'
      pragma:
      - no-cache
      server:
      - Microsoft-HTTPAPI/2.0
      - Microsoft-HTTPAPI/2.0
      strict-transport-security:
      - max-age=31536000; includeSubDomains
      transfer-encoding:
      - chunked
      vary:
      - Accept-Encoding
      x-content-type-options:
      - nosniff
      x-ms-arm-service-request-id:
      - 5706b678-ae0f-4d74-b96f-fc6b9bea1c22
    status:
      code: 200
      message: OK
version: 1
